Archive member included to satisfy reference by file (symbol)

cpu/br28/liba/cpu.a(crc16.c.o)
                              obj/Release/cpu/br28/setup.o (symbol from plugin) (__crc16_mutex_init)
cpu/br28/liba/cpu.a(uart.c.o)
                              obj/Release/apps/common/audio/wm8978/iic.o (symbol from plugin) (delay)
cpu/br28/liba/cpu.a(clock.c.o)
                              obj/Release/cpu/br28/audio_link.o (symbol from plugin) (clock_get_pll_target_frequency)
cpu/br28/liba/cpu.a(gpio.c.o)
                              obj/Release/apps/common/device/usb/usb_config.o (symbol from plugin) (usb_iomode)
cpu/br28/liba/cpu.a(timer.c.o)
                              obj/Release/apps/common/device/fm/rda5807/RDA5807.o (symbol from plugin) (delay_2ms)
cpu/br28/liba/cpu.a(sd.c.o)   obj/Release/apps/soundbox/board/br28/board_jl701n_demo/board_jl701n_demo.o (symbol from plugin) (sdmmc_0_port_init)
cpu/br28/liba/cpu.a(usb.c.o)  obj/Release/apps/common/device/usb/host/usb_ctrl_transfer.o (symbol from plugin) (usb_get_jiffies)
cpu/br28/liba/cpu.a(wdt.c.o)  obj/Release/apps/soundbox/common/init.o (symbol from plugin) (wdt_close)
cpu/br28/liba/cpu.a(efuse.c.o)
                              obj/Release/cpu/br28/charge.o (symbol from plugin) (get_vbat_trim)
cpu/br28/liba/cpu.a(debug.c.o)
                              obj/Release/cpu/br28/setup.o (symbol from plugin) (debug_init)
cpu/br28/liba/cpu.a(sfc_spi.c.o)
                              clock.c.o (symbol from plugin) (sfc1_suspend)
cpu/br28/liba/cpu.a(dma_copy.c.o)
                              debug.c.o (symbol from plugin) (dma_memcpy_wait_idle)
cpu/br28/liba/cpu.a(vm.c.o)   clock.c.o (symbol from plugin) (sfc_suspend)
cpu/br28/liba/cpu.a(vm_api.c.o)
                              obj/Release/apps/common/music/breakpoint.o (symbol from plugin) (vm_api_write_mult)
cpu/br28/liba/cpu.a(debug_record.c.o)
                              debug.c.o (symbol from plugin) (debug_exception_record)
cpu/br28/liba/cpu.a(driver_record.c.o)
                              debug_record.c.o (symbol from plugin) (drvier_record_enable)
cpu/br28/liba/cpu.a(system_record.c.o)
                              debug_record.c.o (symbol from plugin) (system_record_enable)
cpu/br28/liba/cpu.a(power_driver.c.o)
                              clock.c.o (symbol from plugin) (deepsleep_post_system_and_core)
cpu/br28/liba/cpu.a(rtc.c.o)  power_driver.c.o (symbol from plugin) (poweroff_save_rtc_time)
cpu/br28/liba/cpu.a(power_trim.c.o)
                              obj/Release/cpu/br28/power/power_trim.o (symbol from plugin) (get_wvdd_trim_level)
cpu/br28/liba/cpu.a(lp_ipc.c.o)
                              wdt.c.o (symbol from plugin) (msys_to_p11_sync_cmd)
cpu/br28/liba/cpu.a(power_reset.c.o)
                              obj/Release/cpu/br28/setup.o (symbol from plugin) (reset_source_dump)
cpu/br28/liba/cpu.a(power_compat.c.o)
                              obj/Release/apps/common/audio/demo/audio_mic_enc_dec_demo.o (symbol from plugin) (p33_soft_reset)
cpu/br28/liba/cpu.a(power_wakeup.c.o)
                              obj/Release/apps/soundbox/board/br28/board_jl701n_demo/board_jl701n_demo.o (symbol from plugin) (power_wakeup_init)
cpu/br28/liba/cpu.a(p33.c.o)  power_wakeup.c.o (symbol from plugin) (P33_DUMP_WKUP)
cpu/br28/liba/cpu.a(reset.c.o)
                              power_reset.c.o (symbol from plugin) (hw_p33_reset_source_dump)
cpu/br28/liba/cpu.a(p33_io.c.o)
                              power_wakeup.c.o (symbol from plugin) (hw_power_set_wakeup_io)
cpu/br28/liba/cpu.a(port.c.o)
                              obj/Release/cpu/br28/power/power_port.o (symbol from plugin) (port_protect)
cpu/br28/liba/cpu.a(lrc.c.o)  obj/Release/cpu/br28/pwm_led.o (symbol from plugin) (__get_lrc_hz)
cpu/br28/liba/cpu.a(poff_bk.c.o)
                              power_driver.c.o (symbol from plugin) (rom_gpio_enter_deep_sleep)
cpu/br28/liba/cpu.a(cap_rch.c.o)
                              obj/Release/cpu/br28/power/power_trim.o (symbol from plugin) (cap_rch_enable)
cpu/br28/liba/cpu.a(lptmr.c.o)
                              power_driver.c.o (symbol from plugin) (__lp_timer_dump)
cpu/br28/liba/cpu.a(power_analog.c.o)
                              power_driver.c.o (symbol from plugin) (__hw_power_init)
cpu/br28/liba/cpu.a(power_clock.c.o)
                              power_analog.c.o (symbol from plugin) (is_lowpower_anc_active)
cpu/br28/liba/cpu.a(power_sfc.c.o)
                              power_driver.c.o (symbol from plugin) (hw_flash_pwr_en)
cpu/br28/liba/cpu.a(sdx_dev.c.o)
                              obj/Release/apps/soundbox/board/br28/board_jl701n_demo/board_jl701n_demo.o (symbol from plugin) (sd_set_power)
cpu/br28/liba/cpu.a(sdx_driver.c.o)
                              sdx_dev.c.o (symbol from plugin) (sdx_init_card)
cpu/br28/liba/cpu.a(sdx_source.c.o)
[...]
Memory Configuration

Name             Origin             Length             Attributes
code0            0x06000100         0x00200000         xr
ram0             0x00100000         0x0009fb80         xrw
*default*        0x00000000         0xffffffff

Linker script and memory map

LOAD obj/Release/apps/common/audio/amplitude_statistic.o
LOAD cpu\br28\tools\sdk.elf.o
LOAD obj/Release/apps/common/audio/audio_digital_vol.o
LOAD obj/Release/apps/common/audio/audio_export_demo.o
LOAD obj/Release/apps/common/audio/audio_utils.o
LOAD obj/Release/apps/common/audio/decode/audio_key_tone.o
LOAD obj/Release/apps/common/audio/decode/decode.o
LOAD obj/Release/apps/common/audio/demo/audio_mic_enc_dec_demo.o
LOAD obj/Release/apps/common/audio/encode/encode_write_file.o
LOAD obj/Release/apps/common/audio/live_audio/capture_synchronize.o
LOAD obj/Release/apps/common/audio/live_audio/live_audio_buffer.o
LOAD obj/Release/apps/common/audio/live_audio/live_audio_capture.o
LOAD obj/Release/apps/common/audio/live_audio/live_audio_effect.o
LOAD obj/Release/apps/common/audio/live_audio/live_audio_mixer.o
LOAD obj/Release/apps/common/audio/live_audio/live_audio_player.o
LOAD obj/Release/apps/common/audio/live_audio/live_stream_encoder.o
LOAD obj/Release/apps/common/audio/live_audio/pcm_capture_buffer.o
LOAD obj/Release/apps/common/audio/online_debug/aud_mic_dut.o
LOAD obj/Release/apps/common/audio/online_debug/audio_online_debug.o
LOAD obj/Release/apps/common/audio/sine_make.o
LOAD obj/Release/apps/common/audio/stream/stream_entry.o
LOAD obj/Release/apps/common/audio/stream/stream_llns.o
LOAD obj/Release/apps/common/audio/stream/stream_src.o
LOAD obj/Release/apps/common/audio/stream/stream_sync.o
LOAD obj/Release/apps/common/audio/uartPcmSender.o
LOAD obj/Release/apps/common/audio/wm8978/iic.o
LOAD obj/Release/apps/common/audio/wm8978/wm8978.o
LOAD obj/Release/apps/common/bt_common/bt_test_api.o
LOAD obj/Release/apps/common/charge_box/chargeIc_manage.o
LOAD obj/Release/apps/common/charge_box/chgbox_box.o
LOAD obj/Release/apps/common/charge_box/chgbox_ctrl.o
LOAD obj/Release/apps/common/charge_box/chgbox_det.o
LOAD obj/Release/apps/common/charge_box/chgbox_handshake.o
LOAD obj/Release/apps/common/charge_box/chgbox_ui.o
LOAD obj/Release/apps/common/charge_box/chgbox_ui_drv_pwmled.o
LOAD obj/Release/apps/common/charge_box/chgbox_ui_drv_timer.o
LOAD obj/Release/apps/common/charge_box/chgbox_wireless.o
LOAD obj/Release/apps/common/config/app_config.o
LOAD obj/Release/apps/common/config/bt_profile_config.o
LOAD obj/Release/apps/common/config/ci_transport_uart.o
LOAD obj/Release/apps/common/config/new_cfg_tool.o
LOAD obj/Release/apps/common/debug/debug.o
LOAD obj/Release/apps/common/debug/debug_lite.o
LOAD obj/Release/apps/common/dev_manager/dev_manager.o
LOAD obj/Release/apps/common/dev_manager/dev_reg.o
LOAD obj/Release/apps/common/dev_manager/dev_update.o
LOAD obj/Release/apps/common/device/bmp280/bmp280.o
LOAD obj/Release/apps/common/device/detection.o
LOAD obj/Release/apps/common/device/fm/bk1080/Bk1080.o
LOAD obj/Release/apps/common/device/fm/fm_inside/fm_inside.o
LOAD obj/Release/apps/common/device/fm/fm_manage.o
LOAD obj/Release/apps/common/device/fm/qn8035/QN8035.o
LOAD obj/Release/apps/common/device/fm/rda5807/RDA5807.o
LOAD obj/Release/apps/common/device/fm_emitter/ac3433/ac3433.o
LOAD obj/Release/apps/common/device/fm_emitter/fm_emitter_manage.o
LOAD obj/Release/apps/common/device/fm_emitter/fm_inside/fm_emitter_inside.o
LOAD obj/Release/apps/common/device/fm_emitter/qn8007/qn8007.o
LOAD obj/Release/apps/common/device/fm_emitter/qn8027/qn8027.o
LOAD obj/Release/apps/common/device/gps/atk1218_bd.o
LOAD obj/Release/apps/common/device/gSensor/da230.o
LOAD obj/Release/apps/common/device/gSensor/gSensor_manage.o
LOAD obj/Release/apps/common/device/gSensor/SC7A20.o
LOAD obj/Release/apps/common/device/key/adkey.o
LOAD obj/Release/apps/common/device/key/adkey_rtcvdd.o
LOAD obj/Release/apps/common/device/key/ctmu_touch_key.o
LOAD obj/Release/apps/common/device/key/iokey.o
LOAD obj/Release/apps/common/device/key/irkey.o
LOAD obj/Release/apps/common/device/key/key_driver.o
LOAD obj/Release/apps/common/device/key/rdec_key.o
LOAD obj/Release/apps/common/device/key/slidekey.o
LOAD obj/Release/apps/common/device/key/touch_key.o
LOAD obj/Release/apps/common/device/max30102/algorithm.o
LOAD obj/Release/apps/common/device/max30102/max30102.o
LOAD obj/Release/apps/common/device/norflash/norflash.o
LOAD obj/Release/apps/common/device/qmc5883/qmc5883.o
LOAD obj/Release/apps/common/device/usb/device/cdc.o
LOAD obj/Release/apps/common/device/usb/device/custom_hid.o
LOAD obj/Release/apps/common/device/usb/device/descriptor.o
LOAD obj/Release/apps/common/device/usb/device/hid.o
LOAD obj/Release/apps/common/device/usb/device/msd.o
LOAD obj/Release/apps/common/device/usb/device/msd_upgrade.o
LOAD obj/Release/apps/common/device/usb/device/rcsp_hid_inter.o
LOAD obj/Release/apps/common/device/usb/device/task_pc.o
LOAD obj/Release/apps/common/device/usb/device/uac1.o
LOAD obj/Release/apps/common/device/usb/device/uac_stream.o
LOAD obj/Release/apps/common/device/usb/device/usb_device.o
LOAD obj/Release/apps/common/device/usb/device/user_setup.o
LOAD obj/Release/apps/common/device/usb/host/adb.o
LOAD obj/Release/apps/common/device/usb/host/aoa.o
LOAD obj/Release/apps/common/device/usb/host/apple_mfi.o
LOAD obj/Release/apps/common/device/usb/host/hid.o
LOAD obj/Release/apps/common/device/usb/host/task_usb_host.o
LOAD obj/Release/apps/common/device/usb/host/uac_host.o
LOAD obj/Release/apps/common/device/usb/host/usb_bulk_transfer.o
LOAD obj/Release/apps/common/device/usb/host/usb_ctrl_transfer.o
LOAD obj/Release/apps/common/device/usb/host/usb_host.o
LOAD obj/Release/apps/common/device/usb/host/usb_storage.o
LOAD obj/Release/apps/common/device/usb/usb_config.o
LOAD obj/Release/apps/common/device/usb/usb_host_config.o
LOAD obj/Release/apps/common/fat_nor/cfg_private.o
LOAD obj/Release/apps/common/fat_nor/nandflash_ftl.o
LOAD obj/Release/apps/common/fat_nor/nor_fs.o
LOAD obj/Release/apps/common/fat_nor/phone_rec_fs.o
LOAD obj/Release/apps/common/fat_nor/virfat_flash.o
LOAD obj/Release/apps/common/file_operate/file_api.o
LOAD obj/Release/apps/common/file_operate/file_bs_deal.o
LOAD obj/Release/apps/common/file_operate/file_manager.o
LOAD obj/Release/apps/common/iap/iAP_des.o
LOAD obj/Release/apps/common/iap/iAP_device.o
LOAD obj/Release/apps/common/iap/iAP_iic.o
LOAD obj/Release/apps/common/music/breakpoint.o
LOAD obj/Release/apps/common/music/general_player.o
LOAD obj/Release/apps/common/music/music_decrypt.o
LOAD obj/Release/apps/common/music/music_id3.o
LOAD obj/Release/apps/common/music/music_player.o
LOAD obj/Release/apps/common/rec_nor/nor_interface.o
LOAD obj/Release/apps/common/rec_nor/nor_rec_fs.o
LOAD obj/Release/apps/common/share_osc/share_osc_uart.o
LOAD obj/Release/apps/common/share_osc/share_osc_uart_command.o
LOAD obj/Release/apps/common/share_osc/share_osc_uart_serial_send.o
LOAD obj/Release/apps/common/share_osc/share_osc_uart_single_io_send.o
LOAD obj/Release/apps/common/temp_trim/dtemp_pll_trim.o
LOAD obj/Release/apps/common/third_party_profile/common/3th_profile_api.o
LOAD obj/Release/apps/common/third_party_profile/common/custom_cfg.o
LOAD obj/Release/apps/common/third_party_profile/common/mic_rec.o
LOAD obj/Release/apps/common/third_party_profile/interface/app_protocol_api.o
LOAD obj/Release/apps/common/third_party_profile/interface/app_protocol_common.o
LOAD obj/Release/apps/common/third_party_profile/interface/app_protocol_dma.o
LOAD obj/Release/apps/common/third_party_profile/interface/app_protocol_gma.o
LOAD obj/Release/apps/common/third_party_profile/interface/app_protocol_mma.o
LOAD obj/Release/apps/common/third_party_profile/interface/app_protocol_ota.o
LOAD obj/Release/apps/common/third_party_profile/interface/app_protocol_tme.o
LOAD obj/Release/apps/common/third_party_profile/jieli/hid_user.o
LOAD obj/Release/apps/common/third_party_profile/jieli/le_client_demo.o
LOAD obj/Release/apps/common/third_party_profile/jieli/multi_demo/le_multi_client.o
LOAD obj/Release/apps/common/third_party_profile/jieli/multi_demo/le_multi_common.o
LOAD obj/Release/apps/common/third_party_profile/jieli/multi_demo/le_multi_trans.o
LOAD obj/Release/apps/common/third_party_profile/jieli/online_db/online_db_deal.o
LOAD obj/Release/apps/common/third_party_profile/jieli/online_db/spp_online_db.o
LOAD obj/Release/apps/common/third_party_profile/jieli/rcsp/adv/ble_rcsp_adv.o
LOAD obj/Release/apps/common/third_party_profile/jieli/rcsp/ble_rcsp_client.o
LOAD obj/Release/apps/common/third_party_profile/jieli/rcsp/ble_rcsp_multi_common.o
LOAD obj/Release/apps/common/third_party_profile/jieli/rcsp/ble_rcsp_server.o
LOAD obj/Release/apps/common/third_party_profile/jieli/rcsp/client_data_handle/rcsp_c_cmd_recieve.o
LOAD obj/Release/apps/common/third_party_profile/jieli/rcsp/client_data_handle/rcsp_c_cmd_recieve_no_response.o
LOAD obj/Release/apps/common/third_party_profile/jieli/rcsp/client_data_handle/rcsp_c_cmd_response.o
LOAD obj/Release/apps/common/third_party_profile/jieli/rcsp/client_data_handle/rcsp_m_update/rcsp_update_master.o
LOAD obj/Release/apps/common/third_party_profile/jieli/rcsp/rcsp_functions/rcsp.o
LOAD obj/Release/apps/common/third_party_profile/jieli/rcsp/rcsp_functions/rcsp_bt_manage.o
LOAD obj/Release/apps/common/third_party_profile/jieli/rcsp/rcsp_functions/rcsp_config.o
LOAD obj/Release/apps/common/third_party_profile/jieli/rcsp/rcsp_functions/rcsp_event.o
LOAD obj/Release/apps/common/third_party_profile/jieli/rcsp/rcsp_functions/rcsp_manage.o
LOAD obj/Release/apps/common/third_party_profile/jieli/rcsp/rcsp_functions/rcsp_task.o
LOAD obj/Release/apps/common/third_party_profile/jieli/rcsp/server_data_handle/function_modules/browser/rcsp_browser.o
LOAD obj/Release/apps/common/third_party_profile/jieli/rcsp/server_data_handle/function_modules/device_info/func_cmd/rcsp_bt_func.o
LOAD obj/Release/apps/common/third_party_profile/jieli/rcsp/server_data_handle/function_modules/device_info/func_cmd/rcsp_fm_func.o
LOAD obj/Release/apps/common/third_party_profile/jieli/rcsp/server_data_handle/function_modules/device_info/func_cmd/rcsp_linein_func.o
LOAD obj/Release/apps/common/third_party_profile/jieli/rcsp/server_data_handle/function_modules/device_info/func_cmd/rcsp_music_func.o
LOAD obj/Release/apps/common/third_party_profile/jieli/rcsp/server_data_handle/function_modules/device_info/func_cmd/rcsp_rtc_func.o
LOAD obj/Release/apps/common/third_party_profile/jieli/rcsp/server_data_handle/function_modules/device_info/rcsp_feature.o
LOAD obj/Release/apps/common/third_party_profile/jieli/rcsp/server_data_handle/function_modules/device_info/rcsp_function.o
LOAD obj/Release/apps/common/third_party_profile/jieli/rcsp/server_data_handle/function_modules/external_flash/rcsp_extra_flash_cmd.o
LOAD obj/Release/apps/common/third_party_profile/jieli/rcsp/server_data_handle/function_modules/external_flash/rcsp_extra_flash_opt.o
LOAD obj/Release/apps/common/third_party_profile/jieli/rcsp/server_data_handle/function_modules/file_transfer/dev_format.o
LOAD obj/Release/apps/common/third_party_profile/jieli/rcsp/server_data_handle/function_modules/file_transfer/file_bluk_trans_prepare.o
LOAD obj/Release/apps/common/third_party_profile/jieli/rcsp/server_data_handle/function_modules/file_transfer/file_delete.o
LOAD obj/Release/apps/common/third_party_profile/jieli/rcsp/server_data_handle/function_modules/file_transfer/file_env_prepare.o
LOAD obj/Release/apps/common/third_party_profile/jieli/rcsp/server_data_handle/function_modules/file_transfer/file_simple_transfer.o
LOAD obj/Release/apps/common/third_party_profile/jieli/rcsp/server_data_handle/function_modules/file_transfer/file_trans_back.o
LOAD obj/Release/apps/common/third_party_profile/jieli/rcsp/server_data_handle/function_modules/file_transfer/file_transfer.o
LOAD obj/Release/apps/common/third_party_profile/jieli/rcsp/server_data_handle/function_modules/rcsp_setting_opt/rcsp_adv_bluetooth.o
LOAD obj/Release/apps/common/third_party_profile/jieli/rcsp/server_data_handle/function_modules/rcsp_setting_opt/rcsp_setting/adv_anc_voice.o
LOAD obj/Release/apps/common/third_party_profile/jieli/rcsp/server_data_handle/function_modules/rcsp_setting_opt/rcsp_setting/adv_anc_voice_key.o
LOAD obj/Release/apps/common/third_party_profile/jieli/rcsp/server_data_handle/function_modules/rcsp_setting_opt/rcsp_setting/adv_bt_name_setting.o
LOAD obj/Release/apps/common/third_party_profile/jieli/rcsp/server_data_handle/function_modules/rcsp_setting_opt/rcsp_setting/adv_hearing_aid_setting.o
LOAD obj/Release/apps/common/third_party_profile/jieli/rcsp/server_data_handle/function_modules/rcsp_setting_opt/rcsp_setting/adv_key_setting.o
LOAD obj/Release/apps/common/third_party_profile/jieli/rcsp/server_data_handle/function_modules/rcsp_setting_opt/rcsp_setting/adv_led_setting.o
LOAD obj/Release/apps/common/third_party_profile/jieli/rcsp/server_data_handle/function_modules/rcsp_setting_opt/rcsp_setting/adv_mic_setting.o
LOAD obj/Release/apps/common/third_party_profile/jieli/rcsp/server_data_handle/function_modules/rcsp_setting_opt/rcsp_setting/adv_time_stamp_setting.o
LOAD obj/Release/apps/common/third_party_profile/jieli/rcsp/server_data_handle/function_modules/rcsp_setting_opt/rcsp_setting/adv_work_setting.o
LOAD obj/Release/apps/common/third_party_profile/jieli/rcsp/server_data_handle/function_modules/rcsp_setting_opt/rcsp_setting/rcsp_color_led_setting.o
LOAD obj/Release/apps/common/third_party_profile/jieli/rcsp/server_data_handle/function_modules/rcsp_setting_opt/rcsp_setting/rcsp_eq_setting.o
LOAD obj/Release/apps/common/third_party_profile/jieli/rcsp/server_data_handle/function_modules/rcsp_setting_opt/rcsp_setting/rcsp_high_low_vol_setting.o
LOAD obj/Release/apps/common/third_party_profile/jieli/rcsp/server_data_handle/function_modules/rcsp_setting_opt/rcsp_setting/rcsp_karaoke_eq_setting.o
LOAD obj/Release/apps/common/third_party_profile/jieli/rcsp/server_data_handle/function_modules/rcsp_setting_opt/rcsp_setting/rcsp_karaoke_setting.o
LOAD obj/Release/apps/common/third_party_profile/jieli/rcsp/server_data_handle/function_modules/rcsp_setting_opt/rcsp_setting/rcsp_misc_setting/rcsp_misc_drc_setting.o
LOAD obj/Release/apps/common/third_party_profile/jieli/rcsp/server_data_handle/function_modules/rcsp_setting_opt/rcsp_setting/rcsp_misc_setting/rcsp_misc_reverbration_setting.o
LOAD obj/Release/apps/common/third_party_profile/jieli/rcsp/server_data_handle/function_modules/rcsp_setting_opt/rcsp_setting/rcsp_misc_setting/rcsp_misc_setting.o
LOAD obj/Release/apps/common/third_party_profile/jieli/rcsp/server_data_handle/function_modules/rcsp_setting_opt/rcsp_setting/rcsp_music_info_setting.o
LOAD obj/Release/apps/common/third_party_profile/jieli/rcsp/server_data_handle/function_modules/rcsp_setting_opt/rcsp_setting/rcsp_vol_setting.o
LOAD obj/Release/apps/common/third_party_profile/jieli/rcsp/server_data_handle/function_modules/rcsp_setting_opt/rcsp_setting_opt.o
LOAD obj/Release/apps/common/third_party_profile/jieli/rcsp/server_data_handle/function_modules/rcsp_setting_opt/rcsp_setting_sync.o
LOAD obj/Release/apps/common/third_party_profile/jieli/rcsp/server_data_handle/function_modules/rcsp_switch_device.o
LOAD obj/Release/apps/common/third_party_profile/jieli/rcsp/server_data_handle/function_modules/rcsp_update/rcsp_ch_loader_download.o
LOAD obj/Release/apps/common/third_party_profile/jieli/rcsp/server_data_handle/function_modules/rcsp_update/rcsp_update.o
LOAD obj/Release/apps/common/third_party_profile/jieli/rcsp/server_data_handle/function_modules/rcsp_update/rcsp_update_tws.o
LOAD obj/Release/apps/common/third_party_profile/jieli/rcsp/server_data_handle/function_modules/sensors_data_opt/nfc_data_opt.o
LOAD obj/Release/apps/common/third_party_profile/jieli/rcsp/server_data_handle/function_modules/sensors_data_opt/sensor_log_notify.o
LOAD obj/Release/apps/common/third_party_profile/jieli/rcsp/server_data_handle/function_modules/sensors_data_opt/sensors_data_opt.o
LOAD obj/Release/apps/common/third_party_profile/jieli/rcsp/server_data_handle/function_modules/sensors_data_opt/sport_data_func.o
LOAD obj/Release/apps/common/third_party_profile/jieli/rcsp/server_data_handle/function_modules/sensors_data_opt/sport_data_info_opt/sport_info_bt_disconn.o
LOAD obj/Release/apps/common/third_party_profile/jieli/rcsp/server_data_handle/function_modules/sensors_data_opt/sport_data_info_opt/sport_info_continuous_heart_rate.o
LOAD obj/Release/apps/common/third_party_profile/jieli/rcsp/server_data_handle/function_modules/sensors_data_opt/sport_data_info_opt/sport_info_exercise_heart_rate.o
LOAD obj/Release/apps/common/third_party_profile/jieli/rcsp/server_data_handle/function_modules/sensors_data_opt/sport_data_info_opt/sport_info_fall_detection.o
LOAD obj/Release/apps/common/third_party_profile/jieli/rcsp/server_data_handle/function_modules/sensors_data_opt/sport_data_info_opt/sport_info_personal_info.o
LOAD obj/Release/apps/common/third_party_profile/jieli/rcsp/server_data_handle/function_modules/sensors_data_opt/sport_data_info_opt/sport_info_pressure_detection.o
LOAD obj/Release/apps/common/third_party_profile/jieli/rcsp/server_data_handle/function_modules/sensors_data_opt/sport_data_info_opt/sport_info_raise_wrist.o
LOAD obj/Release/apps/common/third_party_profile/jieli/rcsp/server_data_handle/function_modules/sensors_data_opt/sport_data_info_opt/sport_info_sedentary.o
LOAD obj/Release/apps/common/third_party_profile/jieli/rcsp/server_data_handle/function_modules/sensors_data_opt/sport_data_info_opt/sport_info_sensor_opt.o
LOAD obj/Release/apps/common/third_party_profile/jieli/rcsp/server_data_handle/function_modules/sensors_data_opt/sport_data_info_opt/sport_info_sleep_detection.o
LOAD obj/Release/apps/common/third_party_profile/jieli/rcsp/server_data_handle/function_modules/sensors_data_opt/sport_info_opt.o
LOAD obj/Release/apps/common/third_party_profile/jieli/rcsp/server_data_handle/function_modules/sensors_data_opt/sport_info_sync.o
LOAD obj/Release/apps/common/third_party_profile/jieli/rcsp/server_data_handle/function_modules/sensors_data_opt/sport_info_vm.o
LOAD obj/Release/apps/common/third_party_profile/jieli/rcsp/server_data_handle/function_modules/sensors_data_opt/sports_data_opt/sport_data_air_pressure.o
LOAD obj/Release/apps/common/third_party_profile/jieli/rcsp/server_data_handle/function_modules/sensors_data_opt/sports_data_opt/sport_data_altitude.o
LOAD obj/Release/apps/common/third_party_profile/jieli/rcsp/server_data_handle/function_modules/sensors_data_opt/sports_data_opt/sport_data_blood_oxygen.o
LOAD obj/Release/apps/common/third_party_profile/jieli/rcsp/server_data_handle/function_modules/sensors_data_opt/sports_data_opt/sport_data_exercise_recovery_time.o
LOAD obj/Release/apps/common/third_party_profile/jieli/rcsp/server_data_handle/function_modules/sensors_data_opt/sports_data_opt/sport_data_exercise_steps.o
LOAD obj/Release/apps/common/third_party_profile/jieli/rcsp/server_data_handle/function_modules/sensors_data_opt/sports_data_opt/sport_data_heart_rate.o
LOAD obj/Release/apps/common/third_party_profile/jieli/rcsp/server_data_handle/function_modules/sensors_data_opt/sports_data_opt/sport_data_max_oxygen_uptake.o
LOAD obj/Release/apps/common/third_party_profile/jieli/rcsp/server_data_handle/function_modules/sensors_data_opt/sports_data_opt/sport_data_pressure_detection.o
LOAD obj/Release/apps/common/third_party_profile/jieli/rcsp/server_data_handle/function_modules/sensors_data_opt/sports_data_opt/sport_data_sports_information.o
LOAD obj/Release/apps/common/third_party_profile/jieli/rcsp/server_data_handle/function_modules/sensors_data_opt/sports_data_opt/sport_data_training_load.o
LOAD obj/Release/apps/common/third_party_profile/jieli/rcsp/server_data_handle/rcsp_cmd_recieve.o
LOAD obj/Release/apps/common/third_party_profile/jieli/rcsp/server_data_handle/rcsp_cmd_recieve_no_respone.o
LOAD obj/Release/apps/common/third_party_profile/jieli/rcsp/server_data_handle/rcsp_cmd_respone.o
LOAD obj/Release/apps/common/third_party_profile/jieli/rcsp/server_data_handle/rcsp_cmd_user.o
LOAD obj/Release/apps/common/third_party_profile/jieli/rcsp/server_data_handle/rcsp_command.o
LOAD obj/Release/apps/common/third_party_profile/jieli/rcsp/server_data_handle/rcsp_data_recieve.o
LOAD obj/Release/apps/common/third_party_profile/jieli/rcsp/server_data_handle/rcsp_data_recieve_no_respone.o
LOAD obj/Release/apps/common/third_party_profile/jieli/rcsp/server_data_handle/rcsp_data_respone.o
LOAD obj/Release/apps/common/third_party_profile/jieli/trans_data_demo/le_trans_data.o
LOAD obj/Release/apps/common/third_party_profile/jieli/trans_data_demo/spp_trans_data.o
LOAD obj/Release/apps/common/uart_1t2/master/uart_1t2_master_send.o
LOAD obj/Release/apps/common/uart_1t2/master/uart_1t2_serial_send.o
LOAD obj/Release/apps/common/uart_1t2/slave/uart_1t2_slave_send.o
LOAD obj/Release/apps/common/uart_1t2/uart_1t2.o
LOAD obj/Release/apps/common/ui/interface/ui_platform.o
LOAD obj/Release/apps/common/ui/interface/ui_pushScreen_manager.o
LOAD obj/Release/apps/common/ui/interface/ui_resources_manager.o
LOAD obj/Release/apps/common/ui/interface/ui_synthesis_manager.o
LOAD obj/Release/apps/common/ui/interface/ui_synthesis_oled.o
LOAD obj/Release/apps/common/ui/interface/watch_bgp.o
LOAD obj/Release/apps/common/ui/lcd1602/lcd1602a.o
LOAD obj/Release/apps/common/ui/lcd/lcd_ui_api.o
LOAD obj/Release/apps/common/ui/lcd_drive/lcd_mcu/lcd_mcu_JD5858_360x360.o
LOAD obj/Release/apps/common/ui/lcd_drive/lcd_rgb/lcd_rgb_st7789v_240x240.o
LOAD obj/Release/apps/common/ui/lcd_drive/lcd_spi/lcd_spi_rm69330_454x454.o
LOAD obj/Release/apps/common/ui/lcd_drive/lcd_spi/lcd_spi_sh8601a_454x454.o
LOAD obj/Release/apps/common/ui/lcd_drive/lcd_spi/lcd_spi_st7789v_240x240.o
LOAD obj/Release/apps/common/ui/lcd_drive/lcd_spi/oled_spi_ssd1306_128x64.o
LOAD obj/Release/apps/common/ui/lcd_drive/spi_oled_drive.o
LOAD obj/Release/apps/common/ui/lcd_simple/lcd_simple_api.o
LOAD obj/Release/apps/common/ui/lcd_simple/ui.o
LOAD obj/Release/apps/common/ui/lcd_simple/ui_mainmenu.o
LOAD obj/Release/apps/common/ui/led7/led7_ui_api.o
LOAD obj/Release/apps/common/update/norflash_ufw_update.o
LOAD obj/Release/apps/common/update/norflash_update.o
LOAD obj/Release/apps/common/update/testbox_update.o
LOAD obj/Release/apps/common/update/uart_update.o
LOAD obj/Release/apps/common/update/uart_update_master.o
LOAD obj/Release/apps/common/update/update.o
LOAD obj/Release/apps/common/wireless_dev_manager/wireless_dev_manager.o
LOAD obj/Release/apps/soundbox/aec/br28/audio_aec.o
LOAD obj/Release/apps/soundbox/aec/br28/audio_aec_demo.o
LOAD obj/Release/apps/soundbox/aec/br28/audio_aec_dms.o
LOAD obj/Release/apps/soundbox/aec/br28/audio_aec_online.o
LOAD obj/Release/apps/soundbox/app_cfg.o
LOAD obj/Release/apps/soundbox/app_main.o
LOAD obj/Release/apps/soundbox/board/br28/board_jl701n_btemitter/board_jl701n_btemitter.o
LOAD obj/Release/apps/soundbox/board/br28/board_jl701n_btemitter/key_table/adkey_table.o
LOAD obj/Release/apps/soundbox/board/br28/board_jl701n_btemitter/key_table/iokey_table.o
LOAD obj/Release/apps/soundbox/board/br28/board_jl701n_btemitter/key_table/irkey_table.o
LOAD obj/Release/apps/soundbox/board/br28/board_jl701n_btemitter/key_table/rdec_key_table.o
LOAD obj/Release/apps/soundbox/board/br28/board_jl701n_btemitter/key_table/touch_key_table.o
LOAD obj/Release/apps/soundbox/board/br28/board_jl701n_demo/board_jl701n_demo.o
LOAD obj/Release/apps/soundbox/board/br28/board_jl701n_demo/key_table/adkey_table.o
LOAD obj/Release/apps/soundbox/board/br28/board_jl701n_demo/key_table/iokey_table.o
LOAD obj/Release/apps/soundbox/board/br28/board_jl701n_demo/key_table/irkey_table.o
LOAD obj/Release/apps/soundbox/board/br28/board_jl701n_demo/key_table/rdec_key_table.o
LOAD obj/Release/apps/soundbox/board/br28/board_jl701n_demo/key_table/touch_key_table.o
LOAD obj/Release/apps/soundbox/board/br28/board_jl701n_kbox/board_jl701n_kbox.o
LOAD obj/Release/apps/soundbox/board/br28/board_jl701n_kbox/key_table/adkey_table.o
LOAD obj/Release/apps/soundbox/board/br28/board_jl701n_kbox/key_table/iokey_table.o
LOAD obj/Release/apps/soundbox/board/br28/board_jl701n_kbox/key_table/irkey_table.o
LOAD obj/Release/apps/soundbox/board/br28/board_jl701n_kbox/key_table/rdec_key_table.o
LOAD obj/Release/apps/soundbox/board/br28/board_jl701n_kbox/key_table/touch_key_table.o
LOAD obj/Release/apps/soundbox/board/br28/board_jl701n_smartbox/board_jl701n_smartbox.o
LOAD obj/Release/apps/soundbox/board/br28/board_jl701n_smartbox/key_table/adkey_table.o
LOAD obj/Release/apps/soundbox/board/br28/board_jl701n_smartbox/key_table/iokey_table.o
LOAD obj/Release/apps/soundbox/board/br28/board_jl701n_smartbox/key_table/irkey_table.o
LOAD obj/Release/apps/soundbox/board/br28/board_jl701n_smartbox/key_table/rdec_key_table.o
LOAD obj/Release/apps/soundbox/board/br28/board_jl701n_smartbox/key_table/touch_key_table.o
LOAD obj/Release/apps/soundbox/board/br28/board_jl701n_soundcard/board_jl701n_soundcard.o
LOAD obj/Release/apps/soundbox/board/br28/board_jl701n_soundcard/key_table/adkey_table.o
LOAD obj/Release/apps/soundbox/board/br28/board_jl701n_soundcard/key_table/iokey_table.o
LOAD obj/Release/apps/soundbox/board/br28/board_jl701n_soundcard/key_table/irkey_table.o
LOAD obj/Release/apps/soundbox/board/br28/board_jl701n_soundcard/key_table/rdec_key_table.o
LOAD obj/Release/apps/soundbox/board/br28/board_jl701n_soundcard/key_table/touch_key_table.o
LOAD obj/Release/apps/soundbox/board/br28/board_jl701n_test/board_jl701n_test.o
LOAD obj/Release/apps/soundbox/board/br28/board_jl701n_test/key_table/adkey_table.o
LOAD obj/Release/apps/soundbox/board/br28/board_jl701n_test/key_table/iokey_table.o
LOAD obj/Release/apps/soundbox/board/br28/board_jl701n_test/key_table/irkey_table.o
LOAD obj/Release/apps/soundbox/board/br28/board_jl701n_test/key_table/rdec_key_table.o
LOAD obj/Release/apps/soundbox/board/br28/board_jl701n_test/key_table/touch_key_table.o
LOAD obj/Release/apps/soundbox/board/br28/board_jl701n_tws_box/board_jl701n_tws_box.o
LOAD obj/Release/apps/soundbox/board/br28/board_jl701n_tws_box/key_table/adkey_table.o
LOAD obj/Release/apps/soundbox/board/br28/board_jl701n_tws_box/key_table/iokey_table.o
LOAD obj/Release/apps/soundbox/board/br28/board_jl701n_tws_box/key_table/irkey_table.o
LOAD obj/Release/apps/soundbox/board/br28/board_jl701n_tws_box/key_table/rdec_key_table.o
LOAD obj/Release/apps/soundbox/board/br28/board_jl701n_tws_box/key_table/touch_key_table.o
LOAD obj/Release/apps/soundbox/board/br28/board_jl701n_unisound/board_jl701n_unisound.o
LOAD obj/Release/apps/soundbox/board/br28/board_jl701n_unisound/key_table/adkey_table.o
LOAD obj/Release/apps/soundbox/board/br28/board_jl701n_unisound/key_table/iokey_table.o
LOAD obj/Release/apps/soundbox/board/br28/board_jl701n_unisound/key_table/irkey_table.o
LOAD obj/Release/apps/soundbox/board/br28/board_jl701n_unisound/key_table/rdec_key_table.o
LOAD obj/Release/apps/soundbox/board/br28/board_jl701n_unisound/key_table/touch_key_table.o
LOAD obj/Release/apps/soundbox/board/br28/board_jl701n_wireless_1t4/board_jl701n_wireless_1t4.o
LOAD obj/Release/apps/soundbox/board/br28/board_jl701n_wireless_1t4/key_table/adkey_table.o
LOAD obj/Release/apps/soundbox/board/br28/board_jl701n_wireless_1t4/key_table/iokey_table.o
LOAD obj/Release/apps/soundbox/board/br28/board_jl701n_wireless_1t4/key_table/irkey_table.o
LOAD obj/Release/apps/soundbox/board/br28/board_jl701n_wireless_1t4/key_table/rdec_key_table.o
LOAD obj/Release/apps/soundbox/board/br28/board_jl701n_wireless_1t4/key_table/touch_key_table.o
LOAD obj/Release/apps/soundbox/board/br28/board_jl701n_wireless_1tN/board_jl701n_wireless_1tN.o
LOAD obj/Release/apps/soundbox/board/br28/board_jl701n_wireless_1tN/key_table/adkey_table.o
LOAD obj/Release/apps/soundbox/board/br28/board_jl701n_wireless_1tN/key_table/iokey_table.o
LOAD obj/Release/apps/soundbox/board/br28/board_jl701n_wireless_1tN/key_table/irkey_table.o
LOAD obj/Release/apps/soundbox/board/br28/board_jl701n_wireless_1tN/key_table/rdec_key_table.o
LOAD obj/Release/apps/soundbox/board/br28/board_jl701n_wireless_1tN/key_table/touch_key_table.o
LOAD obj/Release/apps/soundbox/board/br28/board_jl701n_wireless_2t1_duplex/board_jl701n_wireless_2t1_duplex.o
LOAD obj/Release/apps/soundbox/board/br28/board_jl701n_wireless_2t1_duplex/key_table/adkey_table.o
LOAD obj/Release/apps/soundbox/board/br28/board_jl701n_wireless_2t1_duplex/key_table/iokey_table.o
LOAD obj/Release/apps/soundbox/board/br28/board_jl701n_wireless_2t1_duplex/key_table/irkey_table.o
LOAD obj/Release/apps/soundbox/board/br28/board_jl701n_wireless_2t1_duplex/key_table/rdec_key_table.o
LOAD obj/Release/apps/soundbox/board/br28/board_jl701n_wireless_2t1_duplex/key_table/touch_key_table.o
LOAD obj/Release/apps/soundbox/board/br28/board_jl701n_wireless_2t1_simplex/board_jl701n_wireless_2t1_simplex.o
LOAD obj/Release/apps/soundbox/board/br28/board_jl701n_wireless_2t1_simplex/key_table/adkey_table.o
LOAD obj/Release/apps/soundbox/board/br28/board_jl701n_wireless_2t1_simplex/key_table/iokey_table.o
LOAD obj/Release/apps/soundbox/board/br28/board_jl701n_wireless_2t1_simplex/key_table/irkey_table.o
LOAD obj/Release/apps/soundbox/board/br28/board_jl701n_wireless_2t1_simplex/key_table/rdec_key_table.o
LOAD obj/Release/apps/soundbox/board/br28/board_jl701n_wireless_2t1_simplex/key_table/touch_key_table.o
LOAD obj/Release/apps/soundbox/broadcast/app_broadcast.o
LOAD obj/Release/apps/soundbox/broadcast/broadcast.o
LOAD obj/Release/apps/soundbox/common/dev_status.o
LOAD obj/Release/apps/soundbox/common/init.o
LOAD obj/Release/apps/soundbox/common/task_table.o
LOAD obj/Release/apps/soundbox/common/tone_table.o
LOAD obj/Release/apps/soundbox/common/user_cfg_new.o
LOAD obj/Release/apps/soundbox/connected/app_connected.o
LOAD obj/Release/apps/soundbox/connected/connected.o
LOAD obj/Release/apps/soundbox/connected/connected_sync_call.o
LOAD obj/Release/apps/soundbox/font/fontinit.o
LOAD obj/Release/apps/soundbox/kws_voice_event_deal.o
LOAD obj/Release/apps/soundbox/log_config/app_config.o
LOAD obj/Release/apps/soundbox/log_config/lib_btctrler_config.o
LOAD obj/Release/apps/soundbox/log_config/lib_btstack_config.o
LOAD obj/Release/apps/soundbox/log_config/lib_driver_config.o
LOAD obj/Release/apps/soundbox/log_config/lib_media_config.o
LOAD obj/Release/apps/soundbox/log_config/lib_system_config.o
LOAD obj/Release/apps/soundbox/log_config/lib_update_config.o
LOAD obj/Release/apps/soundbox/power_manage/app_charge.o
LOAD obj/Release/apps/soundbox/power_manage/app_chargestore.o
LOAD obj/Release/apps/soundbox/power_manage/app_power_manage.o
LOAD obj/Release/apps/soundbox/sdk_version.z.o
LOAD obj/Release/apps/soundbox/soundcard/lamp.o
LOAD obj/Release/apps/soundbox/soundcard/notice.o
LOAD obj/Release/apps/soundbox/soundcard/peripheral.o
LOAD obj/Release/apps/soundbox/soundcard/soundcard.o
LOAD obj/Release/apps/soundbox/task_manager/app_common.o
LOAD obj/Release/apps/soundbox/task_manager/app_task_switch.o
LOAD obj/Release/apps/soundbox/task_manager/bt/bt.o
LOAD obj/Release/apps/soundbox/task_manager/bt/bt_ble.o
LOAD obj/Release/apps/soundbox/task_manager/bt/bt_emitter.o
LOAD obj/Release/apps/soundbox/task_manager/bt/bt_event_fun.o
LOAD obj/Release/apps/soundbox/task_manager/bt/bt_key_fun.o
LOAD obj/Release/apps/soundbox/task_manager/bt/bt_product_test.o
LOAD obj/Release/apps/soundbox/task_manager/bt/bt_switch_fun.o
LOAD obj/Release/apps/soundbox/task_manager/bt/bt_tws.o
LOAD obj/Release/apps/soundbox/task_manager/bt/bt_tws_new.o
LOAD obj/Release/apps/soundbox/task_manager/bt/bt_vartual_fast_connect.o
LOAD obj/Release/apps/soundbox/task_manager/bt/vol_sync.o
LOAD obj/Release/apps/soundbox/task_manager/fm/fm.o
LOAD obj/Release/apps/soundbox/task_manager/fm/fm_api.o
LOAD obj/Release/apps/soundbox/task_manager/fm/fm_rw.o
LOAD obj/Release/apps/soundbox/task_manager/idle/idle.o
LOAD obj/Release/apps/soundbox/task_manager/linein/linein.o
LOAD obj/Release/apps/soundbox/task_manager/linein/linein_api.o
LOAD obj/Release/apps/soundbox/task_manager/linein/linein_dev.o
LOAD obj/Release/apps/soundbox/task_manager/live_sound/live_iis.o
LOAD obj/Release/apps/soundbox/task_manager/live_sound/live_iis_task.o
LOAD obj/Release/apps/soundbox/task_manager/live_sound/live_mic.o
LOAD obj/Release/apps/soundbox/task_manager/live_sound/live_mic_task.o
LOAD obj/Release/apps/soundbox/task_manager/music/music.o
LOAD obj/Release/apps/soundbox/task_manager/pc/pc.o
LOAD obj/Release/apps/soundbox/task_manager/power_off/power_off.o
LOAD obj/Release/apps/soundbox/task_manager/power_on/power_on.o
LOAD obj/Release/apps/soundbox/task_manager/record/record.o
LOAD obj/Release/apps/soundbox/task_manager/rtc/alarm_api.o
LOAD obj/Release/apps/soundbox/task_manager/rtc/alarm_user.o
LOAD obj/Release/apps/soundbox/task_manager/rtc/rtc.o
LOAD obj/Release/apps/soundbox/task_manager/rtc/virtual_rtc.o
LOAD obj/Release/apps/soundbox/task_manager/sleep/sleep.o
LOAD obj/Release/apps/soundbox/task_manager/spdif/hdmi_cec_drv.o
LOAD obj/Release/apps/soundbox/task_manager/spdif/spdif.o
LOAD obj/Release/apps/soundbox/task_manager/task_key.o
LOAD obj/Release/apps/soundbox/task_manager/unisound/unisound_ais100.o
LOAD obj/Release/apps/soundbox/task_manager/unisound/unisound_mic.o
LOAD obj/Release/apps/soundbox/third_party_profile/ancs_client_demo/ancs_client_demo.o
LOAD obj/Release/apps/soundbox/third_party_profile/app_protocol_deal.o
LOAD obj/Release/apps/soundbox/third_party_profile/trans_data_demo/trans_data_demo.o
LOAD obj/Release/apps/soundbox/ui/color_led/color_led_app.o
LOAD obj/Release/apps/soundbox/ui/color_led/color_led_table.o
LOAD obj/Release/apps/soundbox/ui/color_led/driver/color_led.o
LOAD obj/Release/apps/soundbox/ui/color_led/driver/color_led_driver.o
LOAD obj/Release/apps/soundbox/ui/lcd/lyrics_api.o
LOAD obj/Release/apps/soundbox/ui/lcd/STYLE_02/bt_action.o
LOAD obj/Release/apps/soundbox/ui/lcd/STYLE_02/clock_action.o
LOAD obj/Release/apps/soundbox/ui/lcd/STYLE_02/file_brower.o
LOAD obj/Release/apps/soundbox/ui/lcd/STYLE_02/fm_action.o
LOAD obj/Release/apps/soundbox/ui/lcd/STYLE_02/linein_action.o
LOAD obj/Release/apps/soundbox/ui/lcd/STYLE_02/music_action.o
LOAD obj/Release/apps/soundbox/ui/lcd/STYLE_02/pc_action.o
LOAD obj/Release/apps/soundbox/ui/lcd/STYLE_02/record_action.o
LOAD obj/Release/apps/soundbox/ui/lcd/STYLE_02/system_action.o
LOAD obj/Release/apps/soundbox/ui/lcd/ui_sys_param_api.o
LOAD obj/Release/apps/soundbox/ui/lcd_simple/my_demo.o
LOAD obj/Release/apps/soundbox/ui/led7/ui_bt.o
LOAD obj/Release/apps/soundbox/ui/led7/ui_common.o
LOAD obj/Release/apps/soundbox/ui/led7/ui_fm.o
LOAD obj/Release/apps/soundbox/ui/led7/ui_fm_emitter.o
LOAD obj/Release/apps/soundbox/ui/led7/ui_idle.o
LOAD obj/Release/apps/soundbox/ui/led7/ui_linein.o
LOAD obj/Release/apps/soundbox/ui/led7/ui_music.o
LOAD obj/Release/apps/soundbox/ui/led7/ui_pc.o
LOAD obj/Release/apps/soundbox/ui/led7/ui_record.o
LOAD obj/Release/apps/soundbox/ui/led7/ui_rtc.o
LOAD obj/Release/apps/soundbox/ui/led/pwm_led_api.o
LOAD obj/Release/apps/soundbox/ui/led/pwm_led_para_table.o
LOAD obj/Release/apps/soundbox/user_api/app_pwmled_api.o
LOAD obj/Release/apps/soundbox/user_api/app_record_api.o
LOAD obj/Release/apps/soundbox/user_api/app_special_play_api.o
LOAD obj/Release/apps/soundbox/user_api/app_status_api.o
LOAD obj/Release/apps/soundbox/user_api/dev_multiplex_api.o
LOAD obj/Release/apps/soundbox/user_api/product_info_api.o
LOAD obj/Release/apps/soundbox/version.o
LOAD obj/Release/apps/soundbox/wireless/audio/audio_mode.o
LOAD obj/Release/apps/soundbox/wireless/ble/big.o
LOAD obj/Release/apps/soundbox/wireless/ble/cig.o
LOAD obj/Release/apps/soundbox/wireless/parameters/big_params.o
LOAD obj/Release/apps/soundbox/wireless/parameters/cig_params.o
LOAD obj/Release/apps/soundbox/wireless/test/wireless_trans_auto_test.o
LOAD obj/Release/apps/soundbox/wireless_2t1_duplex/wireless_2t1_duplex_api.o
LOAD obj/Release/cpu/br28/adc_api.o
LOAD obj/Release/cpu/br28/aec_tool.o
LOAD obj/Release/cpu/br28/audio_codec_clock.o
LOAD obj/Release/cpu/br28/audio_common/app_audio.o
LOAD obj/Release/cpu/br28/audio_common/sound_device_driver.o
LOAD obj/Release/cpu/br28/audio_common/sound_iis_capture.o
LOAD obj/Release/cpu/br28/audio_common/sound_pcm_demo.o
LOAD obj/Release/cpu/br28/audio_cvp_dut.o
LOAD obj/Release/cpu/br28/audio_dec/audio_dec.o
LOAD obj/Release/cpu/br28/audio_dec/audio_dec_bt.o
LOAD obj/Release/cpu/br28/audio_dec/audio_dec_file.o
LOAD obj/Release/cpu/br28/audio_dec/audio_dec_fm.o
LOAD obj/Release/cpu/br28/audio_dec/audio_dec_iis.o
LOAD obj/Release/cpu/br28/audio_dec/audio_dec_linein.o
LOAD obj/Release/cpu/br28/audio_dec/audio_dec_mic.o
LOAD obj/Release/cpu/br28/audio_dec/audio_dec_midi_ctrl.o
LOAD obj/Release/cpu/br28/audio_dec/audio_dec_midi_file.o
LOAD obj/Release/cpu/br28/audio_dec/audio_dec_pc.o
LOAD obj/Release/cpu/br28/audio_dec/audio_dec_record.o
LOAD obj/Release/cpu/br28/audio_dec/audio_dec_spdif.o
LOAD obj/Release/cpu/br28/audio_dec/audio_dec_tone.o
LOAD obj/Release/cpu/br28/audio_dec/audio_spectrum.o
LOAD obj/Release/cpu/br28/audio_dec/audio_usb_mic.o
LOAD obj/Release/cpu/br28/audio_dec/audio_usb_mix_mic.o
LOAD obj/Release/cpu/br28/audio_dec/lfwordana_enc_api.o
LOAD obj/Release/cpu/br28/audio_dec/live_stream_player.o
LOAD obj/Release/cpu/br28/audio_dec/tone_player.o
LOAD obj/Release/cpu/br28/audio_dec/tws_tone_player.o
LOAD obj/Release/cpu/br28/audio_demo/audio_adc_demo.o
LOAD obj/Release/cpu/br28/audio_demo/audio_dac_demo.o
LOAD obj/Release/cpu/br28/audio_demo/audio_fft_demo.o
LOAD obj/Release/cpu/br28/audio_demo/audio_link_demo.o
LOAD obj/Release/cpu/br28/audio_demo/audio_matrix_demo.o
LOAD obj/Release/cpu/br28/audio_demo/audio_multiple_mic_rec_demo.o
LOAD obj/Release/cpu/br28/audio_demo/audio_spectrum_demo.o
LOAD obj/Release/cpu/br28/audio_effect/audio_autotune_demo.o
LOAD obj/Release/cpu/br28/audio_effect/audio_ch_swap_demo.o
LOAD obj/Release/cpu/br28/audio_effect/audio_dynamic_eq_demo.o
LOAD obj/Release/cpu/br28/audio_effect/audio_dynamic_eq_pro_api.o
LOAD obj/Release/cpu/br28/audio_effect/audio_eff_default_parm.o
LOAD obj/Release/cpu/br28/audio_effect/audio_effect_develop.o
LOAD obj/Release/cpu/br28/audio_effect/audio_effect_task.o
LOAD obj/Release/cpu/br28/audio_effect/audio_eq_drc_demo.o
LOAD obj/Release/cpu/br28/audio_effect/audio_gain_process_demo.o
LOAD obj/Release/cpu/br28/audio_effect/audio_harmonic_exciter_api.o
LOAD obj/Release/cpu/br28/audio_effect/audio_noise_gate_demo.o
LOAD obj/Release/cpu/br28/audio_effect/audio_sound_track_2_p_x.o
LOAD obj/Release/cpu/br28/audio_effect/audio_surround_demo.o
LOAD obj/Release/cpu/br28/audio_effect/audio_vbass_demo.o
LOAD obj/Release/cpu/br28/audio_effect/audio_voice_changer_demo.o
LOAD obj/Release/cpu/br28/audio_effect/effects_adj.o
LOAD obj/Release/cpu/br28/audio_effect/eq_config.o
LOAD obj/Release/cpu/br28/audio_enc/audio_adc_demo.o
LOAD obj/Release/cpu/br28/audio_enc/audio_enc.o
LOAD obj/Release/cpu/br28/audio_enc/audio_enc_file.o
LOAD obj/Release/cpu/br28/audio_enc/audio_enc_recoder.o
LOAD obj/Release/cpu/br28/audio_enc/audio_mic_codec.o
LOAD obj/Release/cpu/br28/audio_enc/audio_recorder_mix.o
LOAD obj/Release/cpu/br28/audio_enc/audio_sbc_codec.o
LOAD obj/Release/cpu/br28/audio_general.o
LOAD obj/Release/cpu/br28/audio_link.o
LOAD obj/Release/cpu/br28/audio_mic/effect_linein.o
LOAD obj/Release/cpu/br28/audio_mic/effect_parm.o
LOAD obj/Release/cpu/br28/audio_mic/effect_reg.o
LOAD obj/Release/cpu/br28/audio_mic/loud_speaker.o
LOAD obj/Release/cpu/br28/audio_mic/mic_effect.o
LOAD obj/Release/cpu/br28/audio_mic/mic_stream.o
LOAD obj/Release/cpu/br28/audio_mic/mic_stream_demo.o
LOAD obj/Release/cpu/br28/audio_mic/simpleAGC.o
LOAD obj/Release/cpu/br28/audio_mic/wireless_mic_effect.o
LOAD obj/Release/cpu/br28/audio_mic_capless.o
LOAD obj/Release/cpu/br28/audio_online_dut/mic_dut_process.o
LOAD obj/Release/cpu/br28/audio_sound_dac.o
LOAD obj/Release/cpu/br28/audio_usb_host/audio_usb_host.o
LOAD obj/Release/cpu/br28/audio_way/audio_app_stream.o
LOAD obj/Release/cpu/br28/audio_way/audio_bt_emitter/audio_bt_emitter.o
LOAD obj/Release/cpu/br28/audio_way/audio_bt_emitter/audio_bt_emitter_controller.o
LOAD obj/Release/cpu/br28/audio_way/audio_bt_emitter/audio_bt_emitter_dma.o
LOAD obj/Release/cpu/br28/audio_way/audio_bt_emitter/audio_bt_emitter_hw.o
LOAD obj/Release/cpu/br28/audio_way/audio_way.o
LOAD obj/Release/cpu/br28/audio_way/audio_way_bt_emitter.o
LOAD obj/Release/cpu/br28/audio_way/audio_way_dac.o
LOAD obj/Release/cpu/br28/charge.o
LOAD obj/Release/cpu/br28/chargestore.o
LOAD obj/Release/cpu/br28/clock_manager.o
LOAD obj/Release/cpu/br28/hw_fft.o
LOAD obj/Release/cpu/br28/iic_hw.o
LOAD obj/Release/cpu/br28/iic_soft.o
LOAD obj/Release/cpu/br28/irflt.o
LOAD obj/Release/cpu/br28/lp_touch_key.o
LOAD obj/Release/cpu/br28/lp_touch_key_alog.o
LOAD obj/Release/cpu/br28/lp_touch_key_tool.o
LOAD obj/Release/cpu/br28/lua_port_api.o
LOAD obj/Release/cpu/br28/mcpwm.o
LOAD obj/Release/cpu/br28/overlay_code.o
LOAD obj/Release/cpu/br28/plcnt.o
LOAD obj/Release/cpu/br28/power/power_app.o
LOAD obj/Release/cpu/br28/power/power_check.o
LOAD obj/Release/cpu/br28/power/power_port.o
LOAD obj/Release/cpu/br28/power/power_trim.o
LOAD obj/Release/cpu/br28/psram.o
LOAD obj/Release/cpu/br28/pwm_led.o
LOAD obj/Release/cpu/br28/rdec.o
LOAD obj/Release/cpu/br28/setup.o
LOAD obj/Release/cpu/br28/smart_voice/aispeech_asr.o
LOAD obj/Release/cpu/br28/smart_voice/jl_kws_platform.o
LOAD obj/Release/cpu/br28/smart_voice/kws_event.o
LOAD obj/Release/cpu/br28/smart_voice/nn_vad.o
LOAD obj/Release/cpu/br28/smart_voice/smart_voice_config.o
LOAD obj/Release/cpu/br28/smart_voice/smart_voice_core.o
LOAD obj/Release/cpu/br28/smart_voice/user_asr.o
LOAD obj/Release/cpu/br28/smart_voice/vad_clock_trim.o
LOAD obj/Release/cpu/br28/smart_voice/vad_mic.o
LOAD obj/Release/cpu/br28/smart_voice/voice_mic_data.o
LOAD obj/Release/cpu/br28/sound_iis.o
LOAD obj/Release/cpu/br28/spi.o
LOAD obj/Release/cpu/br28/uart_dev.o
LOAD obj/Release/cpu/br28/ui_driver/lcd_seg/lcd_seg3x9_driver.o
LOAD obj/Release/cpu/br28/ui_driver/led7/led7_driver.o
LOAD obj/Release/cpu/br28/ui_driver/led7_timer.o
LOAD obj/Release/cpu/br28/ui_driver/LED_1888/LED1888.o
LOAD obj/Release/cpu/br28/ui_driver/ui_common.o
LOAD obj/Release/cpu/br28/umidigi_chargestore.o
START GROUP
LOAD cpu/br28/liba/cpu.a
LOAD cpu/br28/liba/lib_cpu.a
LOAD cpu/br28/liba/system.a
LOAD cpu/br28/liba/btstack.a
LOAD cpu/br28/liba/rcsp_stack.a
LOAD cpu/br28/liba/tme_stack.a
LOAD cpu/br28/liba/google_fps.a
LOAD cpu/br28/liba/btctrler.a
LOAD cpu/br28/liba/aec.a
LOAD cpu/br28/liba/lib_dns.a
LOAD cpu/br28/liba/libjlsp.a
LOAD cpu/br28/liba/media.a
LOAD cpu/br28/liba/libepmotion.a
LOAD cpu/br28/liba/libAptFilt_pi32v2_OnChip.a
LOAD cpu/br28/liba/libEchoSuppress_pi32v2_OnChip.a
LOAD cpu/br28/liba/libNoiseSuppress_pi32v2_OnChip.a
LOAD cpu/br28/liba/libSplittingFilter_pi32v2_OnChip.a
LOAD cpu/br28/liba/libSMS_TDE_pi32v2_OnChip.a
LOAD cpu/br28/liba/libDelayEstimate_pi32v2_OnChip.a
LOAD cpu/br28/liba/libDualMicSystem_pi32v2_OnChip.a
LOAD cpu/br28/liba/libDualMicSystem_flexible_pi32v2_OnChip.a
LOAD cpu/br28/liba/libAdaptiveEchoSuppress_pi32v2_OnChip.a
LOAD cpu/br28/liba/libOpcore_maskrom_pi32v2_OnChip.a
LOAD cpu/br28/liba/lib_resample_cal.a
LOAD cpu/br28/liba/lib_resample_fast_cal.a
LOAD cpu/br28/liba/lib_esco_repair.a
LOAD cpu/br28/liba/sbc_eng_lib.a
LOAD cpu/br28/liba/lib_m4a_dec.a
LOAD cpu/br28/liba/lib_mty_dec.a
LOAD cpu/br28/liba/lib_ogg_opus_dec.a
LOAD cpu/br28/liba/lib_ogg_vorbis_dec.a
LOAD cpu/br28/liba/lib_f2a_dec.a
LOAD cpu/br28/liba/lib_wav_dec.a
LOAD cpu/br28/liba/lib_flac_dec.a
LOAD cpu/br28/liba/lib_ape_dec.a
LOAD cpu/br28/liba/lib_mp3_dec.a
LOAD cpu/br28/liba/lib_amr_dec.a
LOAD cpu/br28/liba/lib_g726_dec.a
LOAD cpu/br28/liba/lib_speex_codec.a
LOAD cpu/br28/liba/lib_dts_dec.a
LOAD cpu/br28/liba/lib_wma_dec.a
LOAD cpu/br28/liba/agreement.a
LOAD cpu/br28/liba/media_app.a
LOAD cpu/br28/liba/SpectrumShow.a
LOAD cpu/br28/liba/bt_hash_enc.a
LOAD cpu/br28/liba/lib_word_ana.a
LOAD cpu/br28/liba/drc.a
LOAD cpu/br28/liba/DynamicEQ.a
LOAD cpu/br28/liba/DynamicEQPro.a
LOAD cpu/br28/liba/lib_voiceChanger.a
LOAD cpu/br28/liba/VirtualBass.a
LOAD cpu/br28/liba/lib_sur_cal.a
LOAD cpu/br28/liba/loudness.a
LOAD cpu/br28/liba/howling.a
LOAD cpu/br28/liba/noisegate.a
LOAD cpu/br28/liba/lib_howlings_phf.a
LOAD cpu/br28/liba/crossover_coff.a
LOAD cpu/br28/liba/lib_reverb_cal.a
LOAD cpu/br28/liba/lib_plateReverb_adv.a
LOAD cpu/br28/liba/lib_pitch_speed.a
LOAD cpu/br28/liba/lib_advaudio_plc.a
LOAD cpu/br28/liba/libllns.a
LOAD cpu/br28/liba/dueros_stack.a
LOAD cpu/br28/liba/libkwscommon.a
LOAD cpu/br28/liba/libjlsp_kws.a
LOAD cpu/br28/liba/libjlsp_kws_far_keyword.a
LOAD cpu/br28/liba/lib_HarmonicExciter.a
LOAD cpu/br28/liba/libLHDCv4DecodeLib.a
LOAD cpu/br28/liba/libFFT_pi32v2_OnChip.a
LOAD cpu/br28/liba/lib_wtg_dec.a
LOAD cpu/br28/liba/bfilterfun_lib.a
LOAD cpu/br28/liba/lib_wtgv2_rom_dec.a
LOAD cpu/br28/liba/lib_bt_aac_rom_dec.a
LOAD cpu/br28/liba/crypto_toolbox_Osize.a
LOAD cpu/br28/liba/unisound/libaik.a
LOAD cpu/br28/liba/unisound/libkws.a
LOAD cpu/br28/liba/unisound/libssp.a
LOAD cpu/br28/liba/unisound/libssp_1mic.a
LOAD cpu/br28/liba/unisound/libssp_2mic_aec.a
LOAD cpu/br28/liba/unisound/libssp_2mic_mlp_aec.a
LOAD cpu/br28/liba/unisound/libual-osal.a
LOAD cpu/br28/liba/unisound/libumd.a
LOAD cpu/br28/liba/mp3_enc_lib.a
LOAD cpu/br28/liba/lib_mp2_code.a
LOAD cpu/br28/liba/lib_adpcm_code.a
LOAD cpu/br28/liba/lib_adpcm_ima_code.a
LOAD cpu/br28/liba/amr_enc_lib.a
LOAD cpu/br28/liba/jla_codec_lib.a
LOAD cpu/br28/liba/opus_enc_lib.a
LOAD cpu/br28/liba/update.a
LOAD cpu/br28/liba/ui_dot.a
LOAD cpu/br28/liba/ui_cpu.a
LOAD cpu/br28/liba/ui_draw.a
LOAD cpu/br28/liba/font.a
LOAD cpu/br28/liba/res.a
END GROUP
                0x0001fd6c                lp_signature_set = 0x1fd6c
                0x0001fd70                memmem = 0x1fd70
                0x0001fd74                memcpy = 0x1fd74
                0x0001fd78                memmove = 0x1fd78
                0x0001fd7c                memcmp = 0x1fd7c
                0x0001fd80                memset = 0x1fd80
                0x0001fd84                strcmp = 0x1fd84
                0x0001fd88                strcpy = 0x1fd88
                0x0001fd8c                strlen = 0x1fd8c
                0x0001fd90                strncmp = 0x1fd90
                0x0001fd94                strstr = 0x1fd94
                0x0001fd98                strchr = 0x1fd98
                0x0001fd9c                __divdi3 = 0x1fd9c
                0x0001fda0                __udivmoddi4 = 0x1fda0
                0x0001fda4                __adddf3 = 0x1fda4
                0x0001fda8                __fixdfsi = 0x1fda8
                0x0001fdac                flush_dcache = 0x1fdac
                0x0001fdb0                flushinv_dcache = 0x1fdb0
                0x0001fdb4                IcuWaitIdle = 0x1fdb4
                0x0001fdb8                DcuWaitIdle = 0x1fdb8
                0x0001fdbc                IcuInitial = 0x1fdbc
                0x0001fdc0                DcuInitial = 0x1fdc0
                0x0001fdcc                sfc_drop_cache = 0x1fdcc
                0x0001fdd0                chip_crc16 = 0x1fdd0
                0x0001fdd4                CrcDecode = 0x1fdd4
                0x0001fdd8                get_flash_file_key = 0x1fdd8
                0x0001fddc                dec_isd_cfg_ini = 0x1fddc
                0x0001fde0                _jlfs_mount = 0x1fde0
                0x0001fde4                sfc_boot = 0x1fde4
                0x0001fde8                mask_init = 0x1fde8
                0x0001fdf0                nvram_set_boot_state = 0x1fdf0
                0x0001fdf4                chip_reset = 0x1fdf4
                0x0001fdf8                the_debug_isr = 0x1fdf8
                0x0001fdfc                rom_print = 0x1fdfc
                0x0001fe00                rom_sprintf = 0x1fe00
                0x0001fe0c                doe = 0x1fe0c
                0x0001fe10                spi_get_port = 0x1fe10
                0x0001fe14                _pll_init = 0x1fe14
                0x0001fe18                flash_poweron = 0x1fe18
                0x0001fe1c                spi_unmount = 0x1fe1c
                0x0001fe20                spi_port_io_init = 0x1fe20
                0x0001fe24                usb_slave_mode = 0x1fe24
                0x0001fe28                LZ4_setStreamDecode = 0x1fe28
                0x0001fe2c                LZ4_decompress_safe_continue = 0x1fe2c
                0x0001fe30                LZ4_decompress_generic = 0x1fe30
                0x0001fe34                _sdk_mkey_lock = 0x1fe34
                0x0001fe38                g_hash_function = 0x1fe38
                0x0001fe3c                f1_hash_function = 0x1fe3c
                0x0001fe40                f2_hash_function = 0x1fe40
                0x0001fe44                f3_hash_function = 0x1fe44
                0x0001fe48                h2_hash_function = 0x1fe48
                0x0001fe4c                h3_hash_function = 0x1fe4c
                0x0001fe50                h4_hash_function = 0x1fe50
                0x0001fe54                h5_hash_function = 0x1fe54
                0x0001fe58                g_function = 0x1fe58
                0x0001fe5c                f1_function = 0x1fe5c
                0x0001fe60                f2_function = 0x1fe60
                0x0001fe64                f3_function = 0x1fe64
                0x0001fe68                sha256Compute = 0x1fe68
                0x0001fe6c                uECC_compute_public_key = 0x1fe6c
                0x0001fe70                uECC_shared_secret = 0x1fe70
                0x0001fe74                bi_initialize = 0x1fe74
                0x0001fe78                bi_read_from_byte = 0x1fe78
                0x0001fe7c                bi_poly_mod2 = 0x1fe7c
                0x0001fe80                bi_poly_mul = 0x1fe80
                0x0001fe84                trim = 0x1fe84
                0x0001fe88                bi_wirte_to_byte = 0x1fe88
                0x0001fe8c                bi_free = 0x1fe8c
                0x0001fe90                bi_terminate = 0x1fe90
                0x0001fe94                get_cvsd_codec_ops = 0x1fe94
                0x00018590                wtgv2_silk_NLSF_CB_NB_MB = 0x18590
                0x0001848c                wtgv2_LSFCosTab_FIX_Q12 = 0x1848c
                0x00018a88                icdf_global_table = 0x18a88
                0x0001fe98                get_wtgv2dec_rom_ops = 0x1fe98
                0x0001fe9c                wtgv2_silk_Decode = 0x1fe9c
                0x0001fea0                wtgv2_silk_decode_frame = 0x1fea0
                0x0001fea4                wtgv2_silk_decoder_set_fs = 0x1fea4
                0x0001fea8                wtgv2_silk_decode_indices = 0x1fea8
                0x0001feac                wtgv2_silk_decode_pulses = 0x1feac
                0x0001feb0                wtgv2_silk_decode_parameters = 0x1feb0
                0x0001feb4                wtgv2_silk_decode_core = 0x1feb4
                0x0001feb8                logAprx_CORDIC_float = 0x1feb8
                0x0001febc                expAprx_CORDIC_float = 0x1febc
                0x0001fec0                magnAprx_float = 0x1fec0
                0x0001fec4                MatrixCopy_float_c_c = 0x1fec4
                0x0001fec8                MatrixCopy_float_f_f = 0x1fec8
                0x0001fecc                MatrixEwMulAndSumOneDim_float_c_c_c_s0 = 0x1fecc
                0x0001fed0                MatrixEwMulAndSumOneDim_float_c_c_c_s1 = 0x1fed0
                0x0001fed4                MatrixEwMulAndSumOneDim_float_f_f_f_s0 = 0x1fed4
                0x0001fed8                MatrixEwMulAndSumOneDim_float_f_f_f_s1 = 0x1fed8
                0x0001fedc                MatrixEwConjMulAndSumOneDim_float_c_c_c_s0 = 0x1fedc
                0x0001fee0                MatrixEwConjMulAndSumOneDim_float_c_c_c_s1 = 0x1fee0
                0x0001fee4                VecMeanSq_s16_f32 = 0x1fee4
                0x0001fee8                VecOverShift_s16_f32 = 0x1fee8
                0x0001feec                VecMinus_s16_f32_f32 = 0x1feec
                0x0001fef0                VectorCopy_f32_s16 = 0x1fef0
                0x0001fef4                VecEleMul_s16_s16_f32 = 0x1fef4
                0x0001fef8                VecEleMul_f32_s16_f32 = 0x1fef8
                0x0001fefc                VecMeanSq_float_f_f = 0x1fefc
                0x0001ff00                VectorSet_float_f_f = 0x1ff00
                0x0001ff04                VecMagRecAve_float_c_f_f = 0x1ff04
                0x0001ff08                VecMulScalar_float_c_f_c = 0x1ff08
                0x0001ff0c                VecConjEleMul_float_c_c_c = 0x1ff0c
                0x0001ff10                VecPlus_float_f_f_f = 0x1ff10
                0x0001ff14                VecDivide_float_c_f_c_f = 0x1ff14
                0x0001ff18                VecPlus_float_c_c_c = 0x1ff18
                0x0001ff1c                VecConjMulRecAve_float_c_c_c_f = 0x1ff1c
                0x0001ff20                VecGetMag_float_c_f = 0x1ff20
                0x0001ff24                VecMax_float_f_f = 0x1ff24
                0x0001ff28                VecRecAve_float_f_f_f = 0x1ff28
                0x0001ff2c                VecEleMul_float_f_f_f = 0x1ff2c
                0x0001ff30                VecMagAndDiv_float_c_f_f_f = 0x1ff30
                0x0001ff34                VecMin_float_f_f = 0x1ff34
                0x0001ff38                VecMinus_float_f_f_f = 0x1ff38
                0x0001ff3c                VecMean_float_f_f = 0x1ff3c
                0x0001ff40                VecEleMul_float_c_f_c = 0x1ff40
                0x0001ff44                VecMeanSqu_float_c_f = 0x1ff44
                0x0001ff48                VecCopy_float_f_f = 0x1ff48
                0x0001ff4c                VecMin_float_f_f_f = 0x1ff4c
                0x0001ff50                VecDivide_float_f_f_f_f = 0x1ff50
                0x0001ff54                VecCompBT_float_f_f_f = 0x1ff54
                0x0001ff58                VecCondCopy_float_f_f_f = 0x1ff58
                0x0001ff5c                VecMulScalar_float_f_f_f = 0x1ff5c
                0x0001ff60                VecPlusScalar_float_f_f_f = 0x1ff60
                0x0001ff64                VecMinScalar_float_f_f_f = 0x1ff64
                0x0001ff68                VecOpposite_float_f_f = 0x1ff68
                0x0001ff6c                VecEleMla_float_f_f_f = 0x1ff6c
                0x0001ff70                VecEleMla_float_c_c_c = 0x1ff70
                0x0001ff74                VecMinus_float_c_c_c = 0x1ff74
                0x0001ff78                VecDotProduct_float_f_f_f = 0x1ff78
                0x0001ff7c                VecDotProduct_float_c_c_c = 0x1ff7c
                0x0001ff80                VecDotProduct_float_c_f_c = 0x1ff80
                0x0001ff84                VecCopy_float_c_c = 0x1ff84
                0x0001ff88                VecCopy_float_f_c = 0x1ff88
                0x0001ff8c                VecConjDotProduct_float_c_c_c = 0x1ff8c
                0x0001ff90                VecNormalize_float_c_c_f = 0x1ff90
                0x0001ff94                VecRecAve_float_c_c_f = 0x1ff94
                0x0001ff98                VecOverlapShift_float_f_f_i = 0x1ff98
                0x0001ff9c                VecMax_float_f_f_f = 0x1ff9c
                0x0001ffa0                VecConjEwMulAndDiv_float_c_c_f_f_c = 0x1ffa0
                0x0001ffa4                VecPlusMulScalar_float_c_c_f_c = 0x1ffa4
                0x0001ffa8                VecCondCopy_float_c_i_c = 0x1ffa8
                0x0001ffac                VecEleMulAndDiv_float_f_f_f_f_f = 0x1ffac
                0x0001ffb0                VectorSet_float_f_c = 0x1ffb0
                0x0001ffb4                VecDivScalar_float_f_f_f = 0x1ffb4
                0x0001ffb8                VecDivScalar_float_c_f_c = 0x1ffb8
                0x0001ffbc                VecPlusScalar_float_c_f_c = 0x1ffbc
                0x0001ffc0                VecMinScalar_float_c_f_c = 0x1ffc0
                0x00019000                mdct_tab_256 = 0x19000
                0x00019200                mdct_tab_2048 = 0x19200
                0x0001a200                sine_long_1024 = 0x1a200
                0x0001b200                sine_short_128 = 0x1b200
                0x0001b400                kbd_long_1024 = 0x1b400
                0x0001c400                kbd_short_128 = 0x1c400
                0x0001c634                Huffmancb_SCL = 0x1c634
                0x0001c844                num_swb_960_window = 0x1c844
                0x0001c850                num_swb_1024_window = 0x1c850
                0x0001c85c                num_swb_128_window = 0x1c85c
                0x0001c868                swb_offset_1024_96 = 0x1c868
                0x0001c8bc                swb_offset_128_96 = 0x1c8bc
                0x0001c8d6                swb_offset_1024_64 = 0x1c8d6
                0x0001c936                swb_offset_128_64 = 0x1c936
                0x0001c950                swb_offset_1024_48 = 0x1c950
                0x0001c9b4                swb_offset_128_48 = 0x1c9b4
                0x0001c9d2                swb_offset_1024_32 = 0x1c9d2
                0x0001ca3a                swb_offset_1024_24 = 0x1ca3a
                0x0001ca9a                swb_offset_128_24 = 0x1ca9a
                0x0001caba                swb_offset_1024_16 = 0x1caba
                0x0001cb12                swb_offset_128_16 = 0x1cb12
                0x0001cb32                swb_offset_1024_8 = 0x1cb32
                0x0001cb84                swb_offset_128_8 = 0x1cb84
                0x0001cba4                swb_offset_1024_window = 0x1cba4
                0x0001cbd4                swb_offset_128_window = 0x1cbd4
                0x0001cc04                iq_table = 0x1cc04
                0x0001d008                tns_coef_0_3 = 0x1d008
                0x0001d048                tns_coef_0_4 = 0x1d048
                0x0001d088                tns_coef_1_3 = 0x1d088
                0x0001d0c8                tns_coef_1_4 = 0x1d0c8
                0x0001d108                pow05_table = 0x1d108
                0x0001d124                sample_rates = 0x1d124
                0x0001d154                pred_sfb_max = 0x1d154
                0x0001d160                tns_sbf_max = 0x1d160
                0x0001d1a0                Huffmancb_1 = 0x1d1a0
                0x0001d338                Huffmancb_2 = 0x1d338
                0x0001d470                Huffmancb_3 = 0x1d470
                0x0001d5a8                Huffmancb_4 = 0x1d5a8
                0x0001d6d8                Huffmancb_5 = 0x1d6d8
                0x0001d820                Huffmancb_6 = 0x1d820
                0x0001d960                Huffmancb_7 = 0x1d960
                0x0001da58                Huffmancb_8 = 0x1da58
                0x0001db50                Huffmancb_9 = 0x1db50
                0x0001ddf0                Huffmancb_10 = 0x1ddf0
                0x0001e080                Huffmancb_11 = 0x1e080
                0x0001e540                AACcodeBookDTable = 0x1e540
                0x0001c83c                AAC_SFHUFF_TAB = 0x1c83c
                0x0001ffc4                get_aacrom_ops = 0x1ffc4
                0x0001e5b8                silk_NLSF_CB_WB = 0x1e5b8
                0x0001ea5c                silk_LTP_vq_ptrs_Q7 = 0x1ea5c
                0x0001ffc8                get_opus_enc_ops = 0x1ffc8
                0x0001ffcc                opus_encode = 0x1ffcc
                0x0001ffd0                silk_Encode = 0x1ffd0
                0x0001ffd4                silk_encode_do_VAD_FIX = 0x1ffd4
                0x0001ffd8                silk_encode_frame_FIX = 0x1ffd8
                0x0001ffdc                silk_find_pitch_lags_FIX = 0x1ffdc
                0x0001ffe0                silk_noise_shape_analysis_FIX = 0x1ffe0
                0x0001ffe4                silk_find_pred_coefs_FIX = 0x1ffe4
                0x0001ffe8                silk_process_gains_FIX = 0x1ffe8
                0x0001ffec                silk_prefilter_FIX = 0x1ffec
                0x0001fff0                silk_NSQ_del_dec_c = 0x1fff0
                0x0001fff4                silk_encode_indices = 0x1fff4
                0x0001fff8                silk_encode_pulses = 0x1fff8
                0x0001fffc                silk_ana_filt_bank_1 = 0x1fffc
                0x00003804                STFT_Win_FixHalf_M512_D160 = 0x3804
                0x00003c04                STFT_Win_FixHalf_M256_D160 = 0x3c04
                0x00003e04                STFT_Win_FixHalf_M256_D80 = 0x3e04
                0x00004004                STFT_Win_FixHalf_M128_D80 = 0x4004
                0x00000004                WOLAAnalysisFilter_Float_M64_m4_r1 = 0x4
                0x00000404                WOLASynthesisFilter_Float_M64_m4_r1 = 0x404
                0x00000804                WOLAAnalysisFilter_Float_M128_m4_r1 = 0x804
                0x00001004                WOLASynthesisFilter_Float_M128_m4_r1 = 0x1004
                0x00001804                WOLAAnalysisFilter_Float_M256_m4_r1 = 0x1804
                0x00002804                WOLASynthesisFilter_Float_M256_m4_r1 = 0x2804
                0x00009914                quantize_intervals_LF = 0x9914
                0x00009a18                invert_quantize_dither_factors_LF = 0x9a18
                0x00009b1c                quantize_dither_factors_LF = 0x9b1c
                0x00009c20                quantize_factor_select_offset_LF = 0x9c20
                0x00009ca4                hd_quantize_intervals_LF = 0x9ca4
                0x0019fc28                boot_arg_list = 0x19fc28
                0x0019fe00                _IRQ_MEM_ADDR = 0x19fe00
                0x0019fc00                _MASK_MEM_BEGIN = 0x19fc00
                0x000001a4                _MASK_MEM_SIZE = 0x1a4
                0x00000080                UPDATA_SIZE = 0x80
                0x0019fb80                UPDATA_BEG = (_MASK_MEM_BEGIN - UPDATA_SIZE)
                0x001a0000                UPDATA_BREDR_BASE_BEG = 0x1a0000
                0x00100000                RAM_LIMIT_L = 0x100000
                0x0019fb80                RAM_LIMIT_H = UPDATA_BEG
                0x0009fb80                PHY_RAM_SIZE = (RAM_LIMIT_H - RAM_LIMIT_L)
                0x0019fe00                ISR_BASE = _IRQ_MEM_ADDR
                0x000001a4                ROM_RAM_SIZE = _MASK_MEM_SIZE
                0x0019fc00                ROM_RAM_BEG = _MASK_MEM_BEGIN
                0x00100000                RAM0_BEG = (RAM_LIMIT_L + 0x0)
                0x0019fb80                RAM0_END = RAM_LIMIT_H
                0x0009fb80                RAM0_SIZE = (RAM0_END - RAM0_BEG)
                0x00100000                RAM1_BEG = RAM_LIMIT_L
                0x00100000                RAM1_END = RAM0_BEG
                0x00000000                RAM1_SIZE = (RAM1_END - RAM1_BEG)
                0x06000100                CODE_BEG = 0x6000100
                0x06000100                . = ORIGIN (code0)

.text           0x06000100    0xbe0a0
                [!provide]                PROVIDE (text_rodata_begin, .)
 *(.startup.text)
 .startup.text  0x06000100       0x8e cpu/br28/liba/cpu.a(startup.S.o)
                0x06000100                _start
 *(.text)
 .text          0x0600018e    0x10738 cpu\br28\tools\sdk.elf.o
                0x060013f6                update_result_get
                0x06001944                __errno
                0x06001c1c                main
 .text          0x060108c6       0x96 C:\JL\pi32\pi32v2-lib\r3-large\libm.a(lib_a-s_modf.o)
                0x060108c6                modf
 .text          0x0601095c       0x2c C:\JL\pi32\pi32v2-lib\r3-large\libc.a(lib_a-strcat.o)
                0x0601095c                strcat
 .text          0x06010988       0x62 C:\JL\pi32\pi32v2-lib\r3-large\libc.a(lib_a-strncpy.o)
                0x06010988                strncpy
 .text          0x060109ea       0x28 C:\JL\pi32\pi32v2-lib\r3-large\libc.a(lib_a-strrchr.o)
                0x060109ea                strrchr
 .text          0x06010a12      0x1b8 C:\JL\pi32\pi32v2-lib\r3-large\libcompiler-rt.a(comparedf2.o)
                0x06010a12                __cmpdf2
                0x06010a12                __ledf2
                0x06010ac2                __gedf2
                0x06010b6a                __unorddf2
                0x06010baa                __eqdf2
                0x06010bb2                __ltdf2
                0x06010bba                __nedf2
                0x06010bc2                __gtdf2
 .text          0x06010bca      0x346 C:\JL\pi32\pi32v2-lib\r3-large\libcompiler-rt.a(divdf3.o)
                0x06010c00                __divdf3
 .text          0x06010f10       0x4c C:\JL\pi32\pi32v2-lib\r3-large\libcompiler-rt.a(floatsidf.o)
                0x06010f10                __floatsidf
 .text          0x06010f5c      0x2fa C:\JL\pi32\pi32v2-lib\r3-large\libcompiler-rt.a(muldf3.o)
                0x06010f92                __muldf3
 .text          0x06011256        0xc C:\JL\pi32\pi32v2-lib\r3-large\libcompiler-rt.a(subdf3.o)
                0x06011256                __subdf3
 .text          0x06011262       0x7a C:\JL\pi32\pi32v2-lib\r3-large\libcompiler-rt.a(extendsfdf2.o)
                0x06011262                __extendsfdf2
 .text          0x060112dc       0xce C:\JL\pi32\pi32v2-lib\r3-large\libcompiler-rt.a(floatdisf.o)
                0x060112dc                __floatdisf
 .text          0x060113aa       0x34 C:\JL\pi32\pi32v2-lib\r3-large\libcompiler-rt.a(floatunsidf.o)
                0x060113aa                __floatunsidf
 .text          0x060113de      0x146 C:\JL\pi32\pi32v2-lib\r3-large\libcompiler-rt.a(truncdfsf2.o)
                0x060113de                __truncdfsf2
 .text          0x06011524       0x12 C:\JL\pi32\pi32v2-lib\r3-large\libcompiler-rt.a(udivdi3.o)
                0x06011524                __udivdi3
                0x06011538                . = ALIGN (0x4)
 *fill*         0x06011536        0x2 
                0x06011538                update_target_begin = .
                [!provide]                PROVIDE (update_target_begin, .)
 *(.update_target)
 .update_target
                0x06011538       0x28 cpu\br28\tools\sdk.elf.o
                0x06011538                audio_update_target
                0x06011540                iis_update_target
                0x06011548                vad_update_target
                0x06011550                sd_update_target
                0x06011558                power_update_target
                0x06011560                update_target_end = .
                [!provide]                PROVIDE (update_target_end, .)
                0x06011560                . = ALIGN (0x4)
 *(.LOG_TAG_CONST*)
 *(.rodata*)
 .rodata.str1.1
                0x06011560     0x151d cpu\br28\tools\sdk.elf.o
                               0x155c (size before relaxing)
 *fill*         0x06012a7d        0x3 
 .rodata.str1.16
                0x06012a80      0xba0 cpu\br28\tools\sdk.elf.o
                                0xb96 (size before relaxing)
 .rodata        0x06013620     0x6b30 cpu\br28\tools\sdk.elf.o
 .rodata.cst4   0x0601a150        0x8 cpu\br28\tools\sdk.elf.o
 .rodata.cst16  0x0601a158       0x20 cpu\br28\tools\sdk.elf.o
 .rodata._ZTV15StaticAllocatorI9floatRealE
                0x0601a178       0x10 cpu\br28\tools\sdk.elf.o
 .rodata._ZTV15StaticAllocatorI7fixRealE
                0x0601a188       0x10 cpu\br28\tools\sdk.elf.o
 .rodata.cst32  0x0601a198       0x20 cpu\br28\tools\sdk.elf.o
                0x0601a1b8                . = ALIGN (0x4)
                [!provide]                PROVIDE (text_rodata_end, .)
                0x0601a1b8                clock_critical_handler_begin = .
 *(.clock_critical_txt)
 .clock_critical_txt
                0x0601a1b8       0x38 cpu\br28\tools\sdk.elf.o
                0x0601a1b8                clock_mcpwm
                0x0601a1c0                clock_uart
                0x0601a1c8                clock_timer
                0x0601a1d0                clock_lrc
                0x0601a1d8                clock_rch
                0x0601a1e0                clock_sdx
                0x0601a1e8                clock_port
                0x0601a1f0                clock_critical_handler_end = .
                0x0601a1f0                chargestore_handler_begin = .
 *(.chargestore_callback_txt)
                0x0601a1f0                chargestore_handler_end = .
 *(.opcore_table_maskrom)
 *(.bfilt_table_maskroom)
 *(.opcore_maskrom)
 .opcore_maskrom
                0x0601a1f0      0x996 cpu\br28\tools\sdk.elf.o
 *(.bfilt_code)
 .bfilt_code    0x0601ab86      0x10c cpu\br28\tools\sdk.elf.o
 *(.bfilt_const)
                0x0601ac94                . = ALIGN (0x4)
 *fill*         0x0601ac92        0x2 
                0x0601ac94                __VERSION_BEGIN = .
 *(.sys.version)
 .sys.version   0x0601ac94       0x25 obj/Release/apps/soundbox/sdk_version.z.o
 .sys.version   0x0601acb9       0x1f cpu/br28/liba/btstack.a(version.z.o)
                0x0601acb9                lib_btstack_version
 .sys.version   0x0601acd8       0x20 cpu/br28/liba/btctrler.a(version.z.o)
                0x0601acd8                lib_btctler_version
 .sys.version   0x0601acf8       0x1d cpu/br28/liba/media.a(version.z.o)
                0x0601acf8                lib_media_version
 .sys.version   0x0601ad15       0x1e cpu/br28/liba/update.a(version.z.o)
                0x0601ad15                lib_update_version
                0x0601ad33                __VERSION_END = .
 *(.noop_version)
                0x0601ad34                . = ALIGN (0x4)
 *fill*         0x0601ad33        0x1 
                0x0601ad34                . = ALIGN (0x4)
                0x0601ad34                tool_interface_begin = .
 *(.tool_interface)
                0x0601ad34                tool_interface_end = .
                0x0601ad34                . = ALIGN (0x4)
                0x0601ad34                cmd_interface_begin = .
 *(.eff_cmd)
 .eff_cmd       0x0601ad34       0xe0 cpu\br28\tools\sdk.elf.o
                0x0601ad34                adc_pga_p
                0x0601ad44                an_Eq
                0x0601ad54                aw_Eq
                0x0601ad64                m_cross
                0x0601ad74                m_whole_drc
                0x0601ad84                mh_drc
                0x0601ad94                mic_tunning_eq_p
                0x0601ada4                ml_drc
                0x0601adb4                mm_drc
                0x0601adc4                music_eq
                0x0601add4                music_harmonic_exciter
                0x0601ade4                ph_Eq
                0x0601adf4                pn_Eq
                0x0601ae04                tunning_eq_p
                0x0601ae14                cmd_interface_end = .
                0x0601ae14                . = ALIGN (0x4)
 *(.*.text.cache.L2*)
 .btaac_rom_dec.text.cache.L2.run
                0x0601ae14       0x1c cpu\br28\tools\sdk.elf.o
 .bt_aac_dec.text.cache.L2.run
                0x0601ae30       0xd6 cpu\br28\tools\sdk.elf.o
 .wma_dec.text.cache.L2.run
                0x0601af06     0x34ae cpu\br28\tools\sdk.elf.o
 .m4a_dec.text.cache.L2.run
                0x0601e3b4     0x2468 cpu\br28\tools\sdk.elf.o
 .m4a_dec.alac.text.cache.L2.run
                0x0602081c      0xa40 cpu\br28\tools\sdk.elf.o
 .wtgv2_dec.text.cache.L2.run
                0x0602125c       0x20 cpu\br28\tools\sdk.elf.o
 .wtgv2_dec.text.cache.L2
                0x0602127c       0x1c cpu\br28\tools\sdk.elf.o
 .wtg_dec.text.cache.L2.run
                0x06021298      0xd1c cpu\br28\tools\sdk.elf.o
 .wtg_dec.text.cache.L2
                0x06021fb4       0x14 cpu\br28\tools\sdk.elf.o
 .mp3_dec.text.cache.L2.run
                0x06021fc8     0x4568 cpu\br28\tools\sdk.elf.o
 .amr_dec.text.cache.L2.run
                0x06026530     0x3ce8 cpu\br28\tools\sdk.elf.o
 .dts_dec.text.cache.L2.run
                0x0602a218     0x1a16 cpu\br28\tools\sdk.elf.o
 .m4a_dec.bt_aac.eng.text.cache.L2.run
                0x0602bc2e      0xeea cpu\br28\tools\sdk.elf.o
 .m4a_dec.bt_aac.text.cache.L2.run
                0x0602cb18     0x1c1a cpu\br28\tools\sdk.elf.o
 *fill*         0x0602e732        0x2 
 .m4a_dec.text.cache.L2.const
                0x0602e734       0x78 cpu\br28\tools\sdk.elf.o
 .m4a_dec.bt_aac.text.cache.L2.const
                0x0602e7ac     0x32a0 cpu\br28\tools\sdk.elf.o
 .mp3_dec.text.cache.L2.const
                0x06031a4c     0x290a cpu\br28\tools\sdk.elf.o
 *fill*         0x06034356        0x2 
 .amr_dec.text.cache.L2.const
                0x06034358     0xe603 cpu\br28\tools\sdk.elf.o
 *fill*         0x0604295b        0x1 
 .dts_dec.text.cache.L2.const
                0x0604295c    0x1a100 cpu\br28\tools\sdk.elf.o
 .wma_dec.text.cache.L2.const
                0x0605ca5c     0x4144 cpu\br28\tools\sdk.elf.o
 .wtg_dec.text.cache.L2.const
                0x06060ba0     0x10b4 cpu\br28\tools\sdk.elf.o
 .wtgv2_dec.text.cache.L2.const
                0x06061c54       0x34 cpu\br28\tools\sdk.elf.o
 .btaac_rom_dec.text.cache.L2.const
                0x06061c88       0x34 cpu\br28\tools\sdk.elf.o
 .dts_dec.text.cache.L2.run
                0x06061cbc      0x156 cpu/br28/liba/lib_dts_dec.a(dts_dec.o)
                0x06061cbc                qmf_32_subbands
                0x06061e20                . = ALIGN (0x20)
 *fill*         0x06061e12        0xe 
                0x06061e20                m_code_addr = .
 *(.m.code*)
 *(.movable.code*)
                0x00000000                m_code_size = ABSOLUTE ((. - m_code_addr))
                0x06061e20                . = ALIGN (0x20)
                0x06061e20                gsensor_dev_begin = .
 *(.gsensor_dev)
                0x06061e20                gsensor_dev_end = .
                0x06061e20                fm_dev_begin = .
 *(.fm_dev)
 .fm_dev        0x06061e20       0x28 cpu\br28\tools\sdk.elf.o
                0x06061e48                fm_dev_end = .
                0x06061e48                fm_emitter_dev_begin = .
 *(.fm_emitter_dev)
                0x06061e48                fm_emitter_dev_end = .
                0x06061e48                storage_device_begin = .
 *(.storage_device)
                0x06061e48                storage_device_end = .
                0x06061e48                wireless_dev_ops_begin = .
 *(.wireless_dev)
                0x06061e48                wireless_dev_ops_end = .
                0x06061e48                connected_sync_channel_begin = .
 *(.connected_call_sync)
                0x06061e48                connected_sync_channel_end = .
                0x06061e48                conn_sync_call_func_begin = .
 *(.connected_sync_call_func)
                0x06061e48                conn_sync_call_func_end = .
                0x06061e48                conn_data_trans_stub_begin = .
 *(.conn_data_trans_stub)
                0x06061e48                conn_data_trans_stub_end = .
 *(.usr_timer_const)
 *(.usr_timer_code)
 *(.timer_const)
 *(.timer_code)
 *(.cbuf_const)
 *(.cbuf_code)
 *(.fm_data_code)
 *(.fm_data_const)
                0x06061e48                . = ALIGN (0x4)
                0x06061e48                . = ALIGN (0x4)
 *(.usb.text)
 .usb.text      0x06061e48     0x50c4 cpu\br28\tools\sdk.elf.o
 *(.usb.text.const)
 .usb.text.const
                0x06066f0c      0x4ac cpu\br28\tools\sdk.elf.o
                0x060673b8                . = ALIGN (0x4)
                0x060673b8                broadcast_text_begin = .
 *(.broadcast_text)
 *(.broadcast_const)
 *(.app_broadcast_text)
 *(.app_broadcast_const)
                0x060673b8                broadcast_text_end = .
                0x060673c0                . = ALIGN (0x20)
 *fill*         0x060673b8        0x8 
                0x060673c0                update_code_start = .
 *(.bt_updata_ram_code)
 .bt_updata_ram_code
                0x060673c0       0xaa cpu\br28\tools\sdk.elf.o
 *(.update_const)
 *fill*         0x0606746a        0x2 
 .update_const  0x0606746c      0x16e cpu\br28\tools\sdk.elf.o
 *(.update_code)
 .update_code   0x060675da     0x11a4 cpu\br28\tools\sdk.elf.o
                0x0606877e                update_code_end = .
                0x06068780                . = ALIGN (0x4)
 *fill*         0x0606877e        0x2 
                0x06068780                btstack_code_start = .
                0x06068780                . = ALIGN (0x4)
                0x06068780                a2dp_source_media_codec_begin = .
 *(.a2dp_source_media_codec)
 .a2dp_source_media_codec
                0x06068780       0x30 cpu\br28\tools\sdk.elf.o
                0x06068780                a2dp_source_jla_codec
                0x06068798                a2dp_source_sbc_codec
                0x060687b0                a2dp_source_media_codec_end = .
                0x060687b0                a2dp_sink_media_probe_begin = .
 *(.a2dp_sink_media_probe)
                0x060687b0                a2dp_sink_media_probe_end = .
                0x060687b0                a2dp_sink_media_codec_begin = .
 *(.a2dp_sink_media_codec)
 .a2dp_sink_media_codec
                0x060687b0       0x48 cpu\br28\tools\sdk.elf.o
                0x060687b0                a2dp_1sbc_codec_private
                0x060687c8                a2dp_2aac_sink_codec
                0x060687e0                a2dp_6lhdc_sink_codec
                0x060687f8                a2dp_sink_media_codec_end = .
                0x060687f8                a2dp_event_handler_begin = .
 *(.a2dp_event_handler)
 .a2dp_event_handler
                0x060687f8       0x70 cpu\br28\tools\sdk.elf.o
                0x060687f8                a2dp_sink_event_handler
                0x06068814                a2dp_source_event_handler
                0x06068830                acp_a2dp_event_handler
                0x0606884c                acp_a2dp_src_event_handler
                0x06068868                a2dp_event_handler_end = .
                0x06068868                sdp_record_item_begin = .
 *(.sdp_record_item)
 .sdp_record_item
                0x06068868       0x48 cpu\br28\tools\sdk.elf.o
                0x06068868                a2dp_sdp_record_item
                0x06068874                arp_ct_sdp_record_item
                0x06068880                arp_ta_sdp_record_item
                0x0606888c                hfp_sdp_record_item
                0x06068898                hid_sdp_record_item
                0x060688a4                pnp_sdp_record_item
                0x060688b0                sdp_record_item_end = .
                0x060688b0                bt_sleep_begin = .
 *(.bt_sleep)
 .bt_sleep      0x060688b0       0x6c cpu\br28\tools\sdk.elf.o
                0x060688b0                bt_suspend_a2dp_resumea2dp_release
                0x060688bc                bt_suspend_avctp_resumeavctp_release
                0x060688c8                bt_suspend_hfp_resumehfp_release
                0x060688d4                bt_suspend_hid_resumehid_release
                0x060688e0                bt_suspend_user_cmd_loop_resumeuser_cmd_loop_release
                0x060688ec                bt_suspend_spp_resumespp_release
                0x060688f8                bt_suspend_spp_up_resumespp_up_release
                0x06068904                bt_suspend_iap_resumeiap_release
                0x06068910                bt_suspend_sdp_resumesdp_release
                0x0606891c                bt_sleep_end = .
 *(.bt_stack_const)
 .bt_stack_const
                0x0606891c      0x914 cpu\br28\tools\sdk.elf.o
 *(.bt_stack_code)
 .bt_stack_code
                0x06069230     0xb712 cpu\br28\tools\sdk.elf.o
 *(.ble_db_const)
 *(.ble_db_code)
 *(.ble_sm_const)
 *(.ble_sm_code)
 *(.ble_att_const)
 *(.ble_att_code)
 *(.ble_gatt_const)
 *(.ble_gatt_code)
                0x06074942                BTSTACK_LE_HOST_MESH_CODE_START = .
 *(.ble_mesh_code)
 *(.ble_mesh_tinycrypt_code)
 *(.ble_mesh_const)
 *(.ble_mesh_tinycrypt_const)
                0x00000000                BTSTACK_LE_HOST_MESH_CODE_SIZE = ABSOLUTE ((. - BTSTACK_LE_HOST_MESH_CODE_START))
                0x06074942                BTSTACK_LE_AUDIO_BIG_TEXT_START = .
 *(.big_rx_const)
 *(.big_tx_const)
 *(.big_common_const)
 *(.big_rx_code)
 *(.big_tx_code)
 *(.big_common_code)
                0x00000000                BTSTACK_LE_AUDIO_BIG_TEXT_SIZE = ABSOLUTE ((. - BTSTACK_LE_AUDIO_BIG_TEXT_START))
                0x06074942                BTSTACK_LE_AUDIO_CIG_TEXT_START = .
 *(.cig_central_const)
 *(.cig_peripheral_const)
 *(.cig_common_const)
 *(.cig_central_code)
 *(.cig_peripheral_code)
 *(.cig_common_code)
                0x00000000                BTSTACK_LE_AUDIO_CIG_TEXT_SIZE = ABSOLUTE ((. - BTSTACK_LE_AUDIO_CIG_TEXT_START))
                0x06074942                btstack_code_end = .
                0x06074944                . = ALIGN (0x4)
 *fill*         0x06074942        0x2 
                0x06074944                . = ALIGN (0x4)
                0x06074944                system_text_start = .
                0x06074944                _device_node_begin = .
                0x06074944                PROVIDE (device_node_begin, .)
 *(.device)
 .device        0x06074944       0x24 cpu\br28\tools\sdk.elf.o
                0x06074944                device_table
                0x06074968                _device_node_end = .
                0x06074968                PROVIDE (device_node_end, .)
                0x06074968                config_target_begin = .
                [!provide]                PROVIDE (config_target_begin, .)
 *(.config_target)
                0x06074968                config_target_end = .
                [!provide]                PROVIDE (config_target_end, .)
                0x06074968                system_code_begin = .
 *(.system.*.text)
 .system.fs.text
                0x06074968     0x8cfe cpu\br28\tools\sdk.elf.o
 .system.device.text
                0x0607d666       0xe6 cpu\br28\tools\sdk.elf.o
 .system.lbuf.text
                0x0607d74c      0x338 cpu\br28\tools\sdk.elf.o
 .system.printf.text
                0x0607da84      0xed2 cpu\br28\tools\sdk.elf.o
 .system.cpu.text
                0x0607e956      0x9d8 cpu\br28\tools\sdk.elf.o
 .system.cbuf.text
                0x0607f32e      0x23a cpu\br28\tools\sdk.elf.o
 .system.event.text
                0x0607f568      0x4e4 cpu\br28\tools\sdk.elf.o
 .system.ascii.text
                0x0607fa4c      0x146 cpu\br28\tools\sdk.elf.o
 .system.timer.text
                0x0607fb92      0x726 cpu\br28\tools\sdk.elf.o
 .system.cfg_tool.text
                0x060802b8      0x788 cpu\br28\tools\sdk.elf.o
 .system.task.text
                0x06080a40       0x5e cpu\br28\tools\sdk.elf.o
 .system.app_core.text
                0x06080a9e      0x15e cpu\br28\tools\sdk.elf.o
 .system.init.text
                0x06080bfc       0x8c cpu\br28\tools\sdk.elf.o
                0x06080bfc                boot_info_init
                0x06080c26                cpu1_main
                0x06080c88                system_code_end = .
                0x06080c88                . = ALIGN (0x4)
                0x0000c320                system_code_size = (system_code_end - system_code_begin)
                0x06080c88                vfs_ops_begin = .
 *(.vfs_operations)
 .vfs_operations
                0x06080c88       0xe8 cpu\br28\tools\sdk.elf.o
                0x06080c88                sdfile_vfs_ops
                0x06080cfc                fat_vfs_ops
                0x06080d70                vfs_ops_end = .
                0x06080d70                _lib_version_begin = .
                [!provide]                PROVIDE (lib_version_begin, .)
 *(.lib_version)
 .lib_version   0x06080d70        0xc cpu\br28\tools\sdk.elf.o
                0x06080d70                __version_sdfile
                0x06080d74                __version_fs
                0x06080d78                __version_fatfs
                0x06080d7c                _lib_version_end = .
                [!provide]                PROVIDE (lib_version_end, .)
                0x06080d7c                _initcall_begin = .
                0x06080d7c                PROVIDE (initcall_begin, .)
 *(.initcall)
 .initcall      0x06080d7c       0x1c cpu\br28\tools\sdk.elf.o
                0x06080d7c                __initcall_audio_online_debug_open
                0x06080d80                __initcall_trim_timer_add
                0x06080d84                __initcall_app_update_init
                0x06080d88                __initcall_eff_init
                0x06080d8c                __initcall_eq_init
                0x06080d90                __initcall_audio_drc_lib_init
                0x06080d94                __initcall_audio_eq_lib_init
                0x06080d98                _initcall_end = .
                0x06080d98                PROVIDE (initcall_end, .)
                0x06080d98                _early_initcall_begin = .
                0x06080d98                PROVIDE (early_initcall_begin, .)
 *(.early.initcall)
 .early.initcall
                0x06080d98        0x8 cpu\br28\tools\sdk.elf.o
                0x06080d98                __initcall_sys_event_init
                0x06080d9c                __initcall_sdfile_init
                0x06080da0                _early_initcall_end = .
                0x06080da0                PROVIDE (early_initcall_end, .)
                0x06080da0                _late_initcall_begin = .
                0x06080da0                PROVIDE (late_initcall_begin, .)
 *(.late.initcall)
 .late.initcall
                0x06080da0       0x10 cpu\br28\tools\sdk.elf.o
                0x06080da0                __initcall_usb_detect_mode_init
                0x06080da4                __initcall_ai_mic_mutex_init
                0x06080da8                __initcall_check_otp_data
                0x06080dac                __initcall_sdk_meky_check
                0x06080db0                _late_initcall_end = .
                0x06080db0                PROVIDE (late_initcall_end, .)
                0x06080db0                _platform_initcall_begin = .
                0x06080db0                PROVIDE (platform_initcall_begin, .)
 *(.platform.initcall)
 .platform.initcall
                0x06080db0        0x8 cpu\br28\tools\sdk.elf.o
                0x06080db0                __initcall_debug_record_init
                0x06080db4                __initcall_syscfg_tools_init
                0x06080db8                _platform_initcall_end = .
                0x06080db8                PROVIDE (platform_initcall_end, .)
                0x06080db8                _module_initcall_begin = .
                0x06080db8                PROVIDE (module_initcall_begin, .)
 *(.module.initcall)
                0x06080db8                _module_initcall_end = .
                0x06080db8                PROVIDE (module_initcall_end, .)
                0x06080db8                _sys_event_handler_begin = .
                0x06080db8                PROVIDE (sys_event_handler_begin, .)
 *(.sys_event.4.handler)
 .sys_event.4.handler
                0x06080db8        0x8 cpu\br28\tools\sdk.elf.o
                0x06080db8                __event_handler_bt_tws_event_handler
 *(.sys_event.3.handler)
 .sys_event.3.handler
                0x06080dc0        0x8 cpu\br28\tools\sdk.elf.o
                0x06080dc0                __event_handler_app_key_event_remap
 *(.sys_event.2.handler)
 *(.sys_event.1.handler)
 *(.sys_event.0.handler)
 .sys_event.0.handler
                0x06080dc8        0x8 cpu\br28\tools\sdk.elf.o
                0x06080dc8                __event_handler_app_sys_event_probe_handler
                0x06080dd0                _sys_event_handler_end = .
                0x06080dd0                PROVIDE (sys_event_handler_end, .)
                0x06080dd0                _syscfg_arg_begin = .
                [!provide]                PROVIDE (syscfg_arg_begin, .)
 *(.syscfg.arg)
                0x06080dd0                _syscfg_arg_end = .
                [!provide]                PROVIDE (syscfg_arg_end, .)
                0x06080dd0                _syscfg_handler_begin = .
                [!provide]                PROVIDE (syscfg_handler_begin, .)
 *(.syscfg.handler)
                0x06080dd0                _syscfg_handler_end = .
                [!provide]                PROVIDE (syscfg_handler_end, .)
                0x06080dd0                _syscfg_ops_begin = .
                0x06080dd0                PROVIDE (syscfg_ops_begin, .)
 *(.syscfg.2.ops)
 .syscfg.2.ops  0x06080dd0       0x1c cpu\br28\tools\sdk.elf.o
                0x06080dd0                cfg_btif
 *(.syscfg.1.ops)
 .syscfg.1.ops  0x06080dec       0x1c cpu\br28\tools\sdk.elf.o
                0x06080dec                cfg_vm
 *(.syscfg.0.ops)
 .syscfg.0.ops  0x06080e08       0x1c cpu\br28\tools\sdk.elf.o
                0x06080e08                cfg_bin
                0x06080e24                _syscfg_ops_end = .
                0x06080e24                PROVIDE (syscfg_ops_end, .)
                0x06080e24                _server_info_begin = .
                [!provide]                PROVIDE (server_info_begin, .)
 *(.server_info)
                0x06080e24                _server_info_end = .
                [!provide]                PROVIDE (server_info_end, .)
                0x06080e24                _bus_device_begin = .
                [!provide]                PROVIDE (bus_device_begin, .)
 *(.bus_device)
                0x06080e24                _bus_device_end = .
                [!provide]                PROVIDE (bus_device_end, .)
                0x06080e24                _sys_power_hal_ops_begin = .
                [!provide]                PROVIDE (sys_power_hal_ops_begin, .)
 *(.sys_power_hal_ops)
                0x06080e24                _sys_power_hal_ops_end = .
                [!provide]                PROVIDE (sys_power_hal_ops_end, .)
                0x06080e24                . = ALIGN (0x4)
                0x06080e24                _record_handle_begin = .
                0x06080e24                PROVIDE (record_handle_begin, .)
 *(.debug_record_handle_ops)
 .debug_record_handle_ops
                0x06080e24       0x60 cpu\br28\tools\sdk.elf.o
                0x06080e24                driver_record
                0x06080e34                p11_record
                0x06080e44                ret_instruction_record
                0x06080e54                sys_stack_record
                0x06080e64                system_record
                0x06080e74                task_record
                0x06080e84                _record_handle_end = .
                0x06080e84                PROVIDE (record_handle_end, .)
                0x06080e84                crypto_begin = .
 *(.crypto_ecdh_code)
 *(.crypto_ecdh_const)
 *(.crypto_bigint_code)
 .crypto_bigint_code
                0x06080e84      0x444 cpu\br28\tools\sdk.elf.o
 *(.crypto_bigint_const)
 *(.crypto_code)
 .crypto_code   0x060812c8      0x4f0 cpu\br28\tools\sdk.elf.o
 *(.crypto_const)
 .crypto_const  0x060817b8      0x171 cpu\br28\tools\sdk.elf.o
 *(.ECDH_sample_code)
 *(.ECDH_sample_const)
 *(.uECC_code)
 *fill*         0x06081929        0x1 
 .uECC_code     0x0608192a      0xcc4 cpu\br28\tools\sdk.elf.o
 *(.uECC_const)
 *fill*         0x060825ee        0x2 
 .uECC_const    0x060825f0       0xb0 cpu\br28\tools\sdk.elf.o
 *(.hmac_code)
 .hmac_code     0x060826a0      0x4d0 cpu\br28\tools\sdk.elf.o
 *(.hmac_const)
 *(.hash_sample_code)
 *(.hash_sample_const)
 *(.aes_cmac_sample_code)
 *(.aes_cmac_sample_const)
                0x06082b70                crypto_end = .
                0x00001cec                crypto_size = (. - crypto_begin)
 *(.mem_code)
 *(.mem_const)
 *(.os_port_code)
 *(.os_port_const)
 *(.os_const)
 .os_const      0x06082b70       0x18 cpu\br28\tools\sdk.elf.o
 *(.math_fast_funtion_code)
 .math_fast_funtion_code
                0x06082b88       0x70 cpu\br28\tools\sdk.elf.o
                0x06082bf8                __movable_function_start = .
 *(movable.text.*)
 *(movable.stub.*)
 *(movable.region.*)
                0x06082bf8                __movable_function_end = .
                0x00000000                __movable_function_size = (__movable_function_end - __movable_function_start)
                0x06082bf8                system_text_end = .
                0x0000e2b4                system_code_total_size = (system_text_end - system_text_start)
                0x06082bf8                btctler_code_start = .
                0x06082bf8                BTCTLER_CONTROLLER_CODE_START = .
 *(.bt_rf_const)
 .bt_rf_const   0x06082bf8      0x5ec cpu\br28\tools\sdk.elf.o
 *(.bt_rf_code)
 .bt_rf_code    0x060831e4     0x1caa cpu\br28\tools\sdk.elf.o
 *(.vendor_manager_const)
 *(.vendor_manager_code)
 *(.device_manager_const)
 *(.device_manager_code)
 *(.hci_controller_const)
 *fill*         0x06084e8e        0x2 